Archive member included to satisfy reference by file (symbol)

c:\Users\rtl55\OneDrive\PersonalProjs\danceStuff\DancingDress\build/core\core.a(cortex_handlers.c.o)
                              (Reset_Handler)
c:\Users\rtl55\OneDrive\PersonalProjs\danceStuff\DancingDress\build/core\core.a(delay.c.o)
                              c:\Users\rtl55\OneDrive\PersonalProjs\danceStuff\DancingDress\build\libraries\FastLED\FastLED.cpp.o (millis)
c:\Users\rtl55\OneDrive\PersonalProjs\danceStuff\DancingDress\build/core\core.a(hooks.c.o)
                              c:\Users\rtl55\OneDrive\PersonalProjs\danceStuff\DancingDress\build/core\core.a(cortex_handlers.c.o) (sysTickHook)
c:\Users\rtl55\OneDrive\PersonalProjs\danceStuff\DancingDress\build/core\core.a(startup.c.o)
                              c:\Users\rtl55\OneDrive\PersonalProjs\danceStuff\DancingDress\build/core\core.a(cortex_handlers.c.o) (SystemInit)
c:\Users\rtl55\OneDrive\PersonalProjs\danceStuff\DancingDress\build/core\core.a(wiring.c.o)
                              c:\Users\rtl55\OneDrive\PersonalProjs\danceStuff\DancingDress\build/core\core.a(startup.c.o) (SystemCoreClock)
c:\Users\rtl55\OneDrive\PersonalProjs\danceStuff\DancingDress\build/core\core.a(wiring_analog.c.o)
                              c:\Users\rtl55\OneDrive\PersonalProjs\danceStuff\DancingDress\build/core\core.a(wiring.c.o) (analogReference)
c:\Users\rtl55\OneDrive\PersonalProjs\danceStuff\DancingDress\build/core\core.a(wiring_digital.c.o)
                              c:\Users\rtl55\OneDrive\PersonalProjs\danceStuff\DancingDress\build\sketch\dress.ino.cpp.o (pinMode)
c:\Users\rtl55\OneDrive\PersonalProjs\danceStuff\DancingDress\build/core\core.a(wiring_private.c.o)
                              c:\Users\rtl55\OneDrive\PersonalProjs\danceStuff\DancingDress\build\libraries\Wire\Wire.cpp.o (pinPeripheral)
c:\Users\rtl55\OneDrive\PersonalProjs\danceStuff\DancingDress\build/core\core.a(Print.cpp.o)
                              c:\Users\rtl55\OneDrive\PersonalProjs\danceStuff\DancingDress\build\libraries\Adafruit_TinyUSB_Arduino\arduino\midi\Adafruit_USBD_MIDI.cpp.o (Print::write(unsigned char const*, unsigned int))
c:\Users\rtl55\OneDrive\PersonalProjs\danceStuff\DancingDress\build/core\core.a(Reset.cpp.o)
                              c:\Users\rtl55\OneDrive\PersonalProjs\danceStuff\DancingDress\build\libraries\Adafruit_TinyUSB_Arduino\arduino\ports\samd\Adafruit_TinyUSB_samd.cpp.o (initiateReset)
c:\Users\rtl55\OneDrive\PersonalProjs\danceStuff\DancingDress\build/core\core.a(SERCOM.cpp.o)
                              c:\Users\rtl55\OneDrive\PersonalProjs\danceStuff\DancingDress\build\core\variant.cpp.o (SERCOM::SERCOM(Sercom*))
c:\Users\rtl55\OneDrive\PersonalProjs\danceStuff\DancingDress\build/core\core.a(Uart.cpp.o)
                              c:\Users\rtl55\OneDrive\PersonalProjs\danceStuff\DancingDress\build\core\variant.cpp.o (Uart::Uart(SERCOM*, unsigned char, unsigned char, SercomRXPad, SercomUartTXPad))
c:\Users\rtl55\OneDrive\PersonalProjs\danceStuff\DancingDress\build/core\core.a(WMath.cpp.o)
                              c:\Users\rtl55\OneDrive\PersonalProjs\danceStuff\DancingDress\build\sketch\dress.ino.cpp.o (random(long))
c:\Users\rtl55\OneDrive\PersonalProjs\danceStuff\DancingDress\build/core\core.a(abi.cpp.o)
                              c:\Users\rtl55\OneDrive\PersonalProjs\danceStuff\DancingDress\build/core\core.a(Print.cpp.o) (__cxa_pure_virtual)
c:\Users\rtl55\OneDrive\PersonalProjs\danceStuff\DancingDress\build/core\core.a(main.cpp.o)
                              c:/users/rtl55/appdata/local/arduino15/packages/adafruit/tools/arm-none-eabi-gcc/9-2019q4/bin/../lib/gcc/arm-none-eabi/9.2.1/../../../../arm-none-eabi/lib/thumb/v6-m/nofp/crt0.o (main)
c:\Users\rtl55\OneDrive\PersonalProjs\danceStuff\DancingDress\build/core\core.a(new.cpp.o)
                              c:\Users\rtl55\OneDrive\PersonalProjs\danceStuff\DancingDress\build\libraries\Adafruit_LIS3DH\Adafruit_LIS3DH.cpp.o (operator new(unsigned int))
c:/users/rtl55/appdata/local/arduino15/packages/adafruit/tools/arm-none-eabi-gcc/9-2019q4/bin/../lib/gcc/arm-none-eabi/9.2.1/../../../../arm-none-eabi/lib/thumb/v6-m/nofp\libstdc++_nano.a(atexit_arm.o)
                              c:\Users\rtl55\OneDrive\PersonalProjs\danceStuff\DancingDress\build\sketch\dress.ino.cpp.o (__aeabi_atexit)
c:/users/rtl55/appdata/local/arduino15/packages/adafruit/tools/arm-none-eabi-gcc/9-2019q4/bin/../lib/gcc/arm-none-eabi/9.2.1/../../../../arm-none-eabi/lib/thumb/v6-m/nofp\libm.a(lib_a-wf_pow.o)
                              c:\Users\rtl55\OneDrive\PersonalProjs\danceStuff\DancingDress\build\libraries\FastLED\colorutils.cpp.o (powf)
c:/users/rtl55/appdata/local/arduino15/packages/adafruit/tools/arm-none-eabi-gcc/9-2019q4/bin/../lib/gcc/arm-none-eabi/9.2.1/../../../../arm-none-eabi/lib/thumb/v6-m/nofp\libm.a(lib_a-ef_pow.o)
[...]
Memory Configuration

Name             Origin             Length             Attributes
FLASH            0x00002000         0x0003e000         xr
RAM              0x20000000         0x00008000         xrw
*default*        0x00000000         0xffffffff

Linker script and memory map

LOAD c:/users/rtl55/appdata/local/arduino15/packages/adafruit/tools/arm-none-eabi-gcc/9-2019q4/bin/../lib/gcc/arm-none-eabi/9.2.1/thumb/v6-m/nofp/crti.o
LOAD c:/users/rtl55/appdata/local/arduino15/packages/adafruit/tools/arm-none-eabi-gcc/9-2019q4/bin/../lib/gcc/arm-none-eabi/9.2.1/thumb/v6-m/nofp/crtbegin.o
LOAD c:/users/rtl55/appdata/local/arduino15/packages/adafruit/tools/arm-none-eabi-gcc/9-2019q4/bin/../lib/gcc/arm-none-eabi/9.2.1/../../../../arm-none-eabi/lib/thumb/v6-m/nofp/crt0.o
LOAD c:\Users\rtl55\OneDrive\PersonalProjs\danceStuff\DancingDress\build\sketch\dress.ino.cpp.o
LOAD c:\Users\rtl55\OneDrive\PersonalProjs\danceStuff\DancingDress\build\libraries\FastLED\FastLED.cpp.o
LOAD c:\Users\rtl55\OneDrive\PersonalProjs\danceStuff\DancingDress\build\libraries\FastLED\bitswap.cpp.o
LOAD c:\Users\rtl55\OneDrive\PersonalProjs\danceStuff\DancingDress\build\libraries\FastLED\colorpalettes.cpp.o
LOAD c:\Users\rtl55\OneDrive\PersonalProjs\danceStuff\DancingDress\build\libraries\FastLED\colorutils.cpp.o
LOAD c:\Users\rtl55\OneDrive\PersonalProjs\danceStuff\DancingDress\build\libraries\FastLED\hsv2rgb.cpp.o
LOAD c:\Users\rtl55\OneDrive\PersonalProjs\danceStuff\DancingDress\build\libraries\FastLED\lib8tion.cpp.o
LOAD c:\Users\rtl55\OneDrive\PersonalProjs\danceStuff\DancingDress\build\libraries\FastLED\noise.cpp.o
LOAD c:\Users\rtl55\OneDrive\PersonalProjs\danceStuff\DancingDress\build\libraries\FastLED\platforms.cpp.o
LOAD c:\Users\rtl55\OneDrive\PersonalProjs\danceStuff\DancingDress\build\libraries\FastLED\power_mgt.cpp.o
LOAD c:\Users\rtl55\OneDrive\PersonalProjs\danceStuff\DancingDress\build\libraries\FastLED\wiring.cpp.o
LOAD c:\Users\rtl55\OneDrive\PersonalProjs\danceStuff\DancingDress\build\libraries\FastLED\platforms\esp\32\clockless_rmt_esp32.cpp.o
LOAD c:\Users\rtl55\OneDrive\PersonalProjs\danceStuff\DancingDress\build\libraries\Wire\Wire.cpp.o
LOAD c:\Users\rtl55\OneDrive\PersonalProjs\danceStuff\DancingDress\build\libraries\Adafruit_LIS3DH\Adafruit_LIS3DH.cpp.o
LOAD c:\Users\rtl55\OneDrive\PersonalProjs\danceStuff\DancingDress\build\libraries\SPI\SPI.cpp.o
LOAD c:\Users\rtl55\OneDrive\PersonalProjs\danceStuff\DancingDress\build\libraries\Adafruit_ZeroDMA\Adafruit_ZeroDMA.cpp.o
LOAD c:\Users\rtl55\OneDrive\PersonalProjs\danceStuff\DancingDress\build\libraries\Adafruit_BusIO\Adafruit_BusIO_Register.cpp.o
LOAD c:\Users\rtl55\OneDrive\PersonalProjs\danceStuff\DancingDress\build\libraries\Adafruit_BusIO\Adafruit_I2CDevice.cpp.o
LOAD c:\Users\rtl55\OneDrive\PersonalProjs\danceStuff\DancingDress\build\libraries\Adafruit_BusIO\Adafruit_SPIDevice.cpp.o
LOAD c:\Users\rtl55\OneDrive\PersonalProjs\danceStuff\DancingDress\build\libraries\Adafruit_Unified_Sensor\Adafruit_Sensor.cpp.o
LOAD c:\Users\rtl55\OneDrive\PersonalProjs\danceStuff\DancingDress\build\libraries\Adafruit_TinyUSB_Arduino\tusb.c.o
LOAD c:\Users\rtl55\OneDrive\PersonalProjs\danceStuff\DancingDress\build\libraries\Adafruit_TinyUSB_Arduino\arduino\Adafruit_TinyUSB_API.cpp.o
LOAD c:\Users\rtl55\OneDrive\PersonalProjs\danceStuff\DancingDress\build\libraries\Adafruit_TinyUSB_Arduino\arduino\Adafruit_USBD_CDC.cpp.o
LOAD c:\Users\rtl55\OneDrive\PersonalProjs\danceStuff\DancingDress\build\libraries\Adafruit_TinyUSB_Arduino\arduino\Adafruit_USBD_Device.cpp.o
LOAD c:\Users\rtl55\OneDrive\PersonalProjs\danceStuff\DancingDress\build\libraries\Adafruit_TinyUSB_Arduino\arduino\hid\Adafruit_USBD_HID.cpp.o
LOAD c:\Users\rtl55\OneDrive\PersonalProjs\danceStuff\DancingDress\build\libraries\Adafruit_TinyUSB_Arduino\arduino\midi\Adafruit_USBD_MIDI.cpp.o
LOAD c:\Users\rtl55\OneDrive\PersonalProjs\danceStuff\DancingDress\build\libraries\Adafruit_TinyUSB_Arduino\arduino\msc\Adafruit_USBD_MSC.cpp.o
LOAD c:\Users\rtl55\OneDrive\PersonalProjs\danceStuff\DancingDress\build\libraries\Adafruit_TinyUSB_Arduino\arduino\ports\esp32\Adafruit_TinyUSB_esp32.cpp.o
LOAD c:\Users\rtl55\OneDrive\PersonalProjs\danceStuff\DancingDress\build\libraries\Adafruit_TinyUSB_Arduino\arduino\ports\nrf\Adafruit_TinyUSB_nrf.cpp.o
LOAD c:\Users\rtl55\OneDrive\PersonalProjs\danceStuff\DancingDress\build\libraries\Adafruit_TinyUSB_Arduino\arduino\ports\rp2040\Adafruit_TinyUSB_rp2040.cpp.o
LOAD c:\Users\rtl55\OneDrive\PersonalProjs\danceStuff\DancingDress\build\libraries\Adafruit_TinyUSB_Arduino\arduino\ports\samd\Adafruit_TinyUSB_samd.cpp.o
LOAD c:\Users\rtl55\OneDrive\PersonalProjs\danceStuff\DancingDress\build\libraries\Adafruit_TinyUSB_Arduino\arduino\webusb\Adafruit_USBD_WebUSB.cpp.o
LOAD c:\Users\rtl55\OneDrive\PersonalProjs\danceStuff\DancingDress\build\libraries\Adafruit_TinyUSB_Arduino\class\audio\audio_device.c.o
LOAD c:\Users\rtl55\OneDrive\PersonalProjs\danceStuff\DancingDress\build\libraries\Adafruit_TinyUSB_Arduino\class\bth\bth_device.c.o
LOAD c:\Users\rtl55\OneDrive\PersonalProjs\danceStuff\DancingDress\build\libraries\Adafruit_TinyUSB_Arduino\class\cdc\cdc_device.c.o
LOAD c:\Users\rtl55\OneDrive\PersonalProjs\danceStuff\DancingDress\build\libraries\Adafruit_TinyUSB_Arduino\class\dfu\dfu_device.c.o
LOAD c:\Users\rtl55\OneDrive\PersonalProjs\danceStuff\DancingDress\build\libraries\Adafruit_TinyUSB_Arduino\class\dfu\dfu_rt_device.c.o
LOAD c:\Users\rtl55\OneDrive\PersonalProjs\danceStuff\DancingDress\build\libraries\Adafruit_TinyUSB_Arduino\class\hid\hid_device.c.o
LOAD c:\Users\rtl55\OneDrive\PersonalProjs\danceStuff\DancingDress\build\libraries\Adafruit_TinyUSB_Arduino\class\midi\midi_device.c.o
LOAD c:\Users\rtl55\OneDrive\PersonalProjs\danceStuff\DancingDress\build\libraries\Adafruit_TinyUSB_Arduino\class\msc\msc_device.c.o
LOAD c:\Users\rtl55\OneDrive\PersonalProjs\danceStuff\DancingDress\build\libraries\Adafruit_TinyUSB_Arduino\class\net\net_device.c.o
LOAD c:\Users\rtl55\OneDrive\PersonalProjs\danceStuff\DancingDress\build\libraries\Adafruit_TinyUSB_Arduino\class\usbtmc\usbtmc_device.c.o
LOAD c:\Users\rtl55\OneDrive\PersonalProjs\danceStuff\DancingDress\build\libraries\Adafruit_TinyUSB_Arduino\class\vendor\vendor_device.c.o
LOAD c:\Users\rtl55\OneDrive\PersonalProjs\danceStuff\DancingDress\build\libraries\Adafruit_TinyUSB_Arduino\common\tusb_fifo.c.o
LOAD c:\Users\rtl55\OneDrive\PersonalProjs\danceStuff\DancingDress\build\libraries\Adafruit_TinyUSB_Arduino\device\usbd.c.o
LOAD c:\Users\rtl55\OneDrive\PersonalProjs\danceStuff\DancingDress\build\libraries\Adafruit_TinyUSB_Arduino\device\usbd_control.c.o
LOAD c:\Users\rtl55\OneDrive\PersonalProjs\danceStuff\DancingDress\build\libraries\Adafruit_TinyUSB_Arduino\portable\espressif\esp32sx\dcd_esp32sx.c.o
LOAD c:\Users\rtl55\OneDrive\PersonalProjs\danceStuff\DancingDress\build\libraries\Adafruit_TinyUSB_Arduino\portable\microchip\samd\dcd_samd.c.o
LOAD c:\Users\rtl55\OneDrive\PersonalProjs\danceStuff\DancingDress\build\libraries\Adafruit_TinyUSB_Arduino\portable\nordic\nrf5x\dcd_nrf5x.c.o
LOAD c:\Users\rtl55\OneDrive\PersonalProjs\danceStuff\DancingDress\build\libraries\Adafruit_TinyUSB_Arduino\portable\nxp\lpc_ip3511\dcd_lpc_ip3511.c.o
LOAD c:\Users\rtl55\OneDrive\PersonalProjs\danceStuff\DancingDress\build\libraries\Adafruit_TinyUSB_Arduino\portable\nxp\transdimension\dcd_transdimension.c.o
LOAD c:\Users\rtl55\OneDrive\PersonalProjs\danceStuff\DancingDress\build\libraries\Adafruit_TinyUSB_Arduino\portable\raspberrypi\rp2040\dcd_rp2040.c.o
LOAD c:\Users\rtl55\OneDrive\PersonalProjs\danceStuff\DancingDress\build\libraries\Adafruit_TinyUSB_Arduino\portable\raspberrypi\rp2040\hcd_rp2040.c.o
LOAD c:\Users\rtl55\OneDrive\PersonalProjs\danceStuff\DancingDress\build\libraries\Adafruit_TinyUSB_Arduino\portable\raspberrypi\rp2040\rp2040_usb.c.o
LOAD c:\Users\rtl55\OneDrive\PersonalProjs\danceStuff\DancingDress\build\libraries\Adafruit_TinyUSB_Arduino\portable\st\stm32_fsdev\dcd_stm32_fsdev.c.o
LOAD c:\Users\rtl55\OneDrive\PersonalProjs\danceStuff\DancingDress\build\libraries\Adafruit_TinyUSB_Arduino\portable\st\synopsys\dcd_synopsys.c.o
LOAD c:\Users\rtl55\OneDrive\PersonalProjs\danceStuff\DancingDress\build\core\variant.cpp.o
START GROUP
LOAD C:\Users\rtl55\AppData\Local\Arduino15\packages\adafruit\tools\CMSIS\5.4.0/CMSIS/Lib/GCC/\libarm_cortexM0l_math.a
LOAD c:\Users\rtl55\OneDrive\PersonalProjs\danceStuff\DancingDress\build/core\core.a
END GROUP
LOAD c:/users/rtl55/appdata/local/arduino15/packages/adafruit/tools/arm-none-eabi-gcc/9-2019q4/bin/../lib/gcc/arm-none-eabi/9.2.1/../../../../arm-none-eabi/lib/thumb/v6-m/nofp\libstdc++_nano.a
LOAD c:/users/rtl55/appdata/local/arduino15/packages/adafruit/tools/arm-none-eabi-gcc/9-2019q4/bin/../lib/gcc/arm-none-eabi/9.2.1/../../../../arm-none-eabi/lib/thumb/v6-m/nofp\libm.a
START GROUP
LOAD c:/users/rtl55/appdata/local/arduino15/packages/adafruit/tools/arm-none-eabi-gcc/9-2019q4/bin/../lib/gcc/arm-none-eabi/9.2.1/thumb/v6-m/nofp\libgcc.a
LOAD c:/users/rtl55/appdata/local/arduino15/packages/adafruit/tools/arm-none-eabi-gcc/9-2019q4/bin/../lib/gcc/arm-none-eabi/9.2.1/../../../../arm-none-eabi/lib/thumb/v6-m/nofp\libc_nano.a
END GROUP
START GROUP
LOAD c:/users/rtl55/appdata/local/arduino15/packages/adafruit/tools/arm-none-eabi-gcc/9-2019q4/bin/../lib/gcc/arm-none-eabi/9.2.1/thumb/v6-m/nofp\libgcc.a
LOAD c:/users/rtl55/appdata/local/arduino15/packages/adafruit/tools/arm-none-eabi-gcc/9-2019q4/bin/../lib/gcc/arm-none-eabi/9.2.1/../../../../arm-none-eabi/lib/thumb/v6-m/nofp\libc_nano.a
LOAD c:/users/rtl55/appdata/local/arduino15/packages/adafruit/tools/arm-none-eabi-gcc/9-2019q4/bin/../lib/gcc/arm-none-eabi/9.2.1/../../../../arm-none-eabi/lib/thumb/v6-m/nofp\libnosys.a
END GROUP
START GROUP
LOAD c:/users/rtl55/appdata/local/arduino15/packages/adafruit/tools/arm-none-eabi-gcc/9-2019q4/bin/../lib/gcc/arm-none-eabi/9.2.1/thumb/v6-m/nofp\libgcc.a
LOAD c:/users/rtl55/appdata/local/arduino15/packages/adafruit/tools/arm-none-eabi-gcc/9-2019q4/bin/../lib/gcc/arm-none-eabi/9.2.1/../../../../arm-none-eabi/lib/thumb/v6-m/nofp\libc_nano.a
LOAD c:/users/rtl55/appdata/local/arduino15/packages/adafruit/tools/arm-none-eabi-gcc/9-2019q4/bin/../lib/gcc/arm-none-eabi/9.2.1/../../../../arm-none-eabi/lib/thumb/v6-m/nofp\libnosys.a
END GROUP
LOAD c:/users/rtl55/appdata/local/arduino15/packages/adafruit/tools/arm-none-eabi-gcc/9-2019q4/bin/../lib/gcc/arm-none-eabi/9.2.1/thumb/v6-m/nofp/crtend.o
LOAD c:/users/rtl55/appdata/local/arduino15/packages/adafruit/tools/arm-none-eabi-gcc/9-2019q4/bin/../lib/gcc/arm-none-eabi/9.2.1/thumb/v6-m/nofp/crtn.o

.text           0x00002000     0x76c0
 *(.isr_vector)
 .isr_vector    0x00002000       0xb4 c:\Users\rtl55\OneDrive\PersonalProjs\danceStuff\DancingDress\build/core\core.a(cortex_handlers.c.o)
                0x00002000                exception_table
 *(.text*)
 .text          0x000020b4       0x48 c:/users/rtl55/appdata/local/arduino15/packages/adafruit/tools/arm-none-eabi-gcc/9-2019q4/bin/../lib/gcc/arm-none-eabi/9.2.1/thumb/v6-m/nofp/crtbegin.o
 .text._ZN14CLEDController4sizeEv
                0x000020fc        0x4 c:\Users\rtl55\OneDrive\PersonalProjs\danceStuff\DancingDress\build\sketch\dress.ino.cpp.o
                0x000020fc                CLEDController::size()
 .text._ZN14CLEDController9clearLedsEi
                0x00002100       0x1e c:\Users\rtl55\OneDrive\PersonalProjs\danceStuff\DancingDress\build\sketch\dress.ino.cpp.o
                0x00002100                CLEDController::clearLeds(int)
 .text._ZN15Adafruit_LIS3DHD2Ev
                0x0000211e        0x2 c:\Users\rtl55\OneDrive\PersonalProjs\danceStuff\DancingDress\build\sketch\dress.ino.cpp.o
                0x0000211e                Adafruit_LIS3DH::~Adafruit_LIS3DH()
                0x0000211e                Adafruit_LIS3DH::~Adafruit_LIS3DH()
 .text._ZNK19ClocklessControllerILh1ELi12ELi30ELi18EL6EOrder66ELi0ELb0ELi50EE17getMaxRefreshRateEv
                0x00002120        0x6 c:\Users\rtl55\OneDrive\PersonalProjs\danceStuff\DancingDress\build\sketch\dress.ino.cpp.o
                0x00002120                ClocklessController<(unsigned char)1, 12, 30, 18, (EOrder)66, 0, false, 50>::getMaxRefreshRate() const
 *fill*         0x00002126        0x2 
 .text._ZN19ClocklessControllerILh1ELi12ELi30ELi18EL6EOrder66ELi0ELb0ELi50EE4initEv
                0x00002128       0x1c c:\Users\rtl55\OneDrive\PersonalProjs\danceStuff\DancingDress\build\sketch\dress.ino.cpp.o
                0x00002128                ClocklessController<(unsigned char)1, 12, 30, 18, (EOrder)66, 0, false, 50>::init()
 .text.setup    0x00002144       0x88 c:\Users\rtl55\OneDrive\PersonalProjs\danceStuff\DancingDress\build\sketch\dress.ino.cpp.o
                0x00002144                setup
 .text.loop     0x000021cc       0x2c c:\Users\rtl55\OneDrive\PersonalProjs\danceStuff\DancingDress\build\sketch\dress.ino.cpp.o
                0x000021cc                loop
 .text._ZN15Adafruit_LIS3DHD0Ev
                0x000021f8        0xc c:\Users\rtl55\OneDrive\PersonalProjs\danceStuff\DancingDress\build\sketch\dress.ino.cpp.o
                0x000021f8                Adafruit_LIS3DH::~Adafruit_LIS3DH()
 .text._Z11showLedDataILi8ELi4ELi12ELi30ELi18EL6EOrder66ELi50EEiPVmmPKhmP15M0ClocklessData
                0x00002204      0x4f4 c:\Users\rtl55\OneDrive\PersonalProjs\danceStuff\DancingDress\build\sketch\dress.ino.cpp.o
                0x00002204                int showLedData<8, 4, 12, 30, 18, (EOrder)66, 50>(unsigned long volatile*, unsigned long, unsigned char const*, unsigned long, M0ClocklessData*)
 .text._ZN19ClocklessControllerILh1ELi12ELi30ELi18EL6EOrder66ELi0ELb0ELi50EE15showRGBInternalE15PixelControllerILS0_66ELi1ELm4294967295EE
                0x000026f8       0x34 c:\Users\rtl55\OneDrive\PersonalProjs\danceStuff\DancingDress\build\sketch\dress.ino.cpp.o
                0x000026f8                ClocklessController<(unsigned char)1, 12, 30, 18, (EOrder)66, 0, false, 50>::showRGBInternal(PixelController<(EOrder)66, 1, 4294967295ul>)
 .text._ZN19ClocklessControllerILh1ELi12ELi30ELi18EL6EOrder66ELi0ELb0ELi50EE10showPixelsER15PixelControllerILS0_66ELi1ELm4294967295EE
                0x0000272c       0x96 c:\Users\rtl55\OneDrive\PersonalProjs\danceStuff\DancingDress\build\sketch\dress.ino.cpp.o
                0x0000272c                ClocklessController<(unsigned char)1, 12, 30, 18, (EOrder)66, 0, false, 50>::showPixels(PixelController<(EOrder)66, 1, 4294967295ul>&)
 *fill*         0x000027c2        0x2 
 .text._ZN15PixelControllerIL6EOrder66ELi1ELm4294967295EE21init_binary_ditheringEv
                0x000027c4       0x78 c:\Users\rtl55\OneDrive\PersonalProjs\danceStuff\DancingDress\build\sketch\dress.ino.cpp.o
                0x000027c4                PixelController<(EOrder)66, 1, 4294967295ul>::init_binary_dithering()
 .text._ZN19CPixelLEDControllerIL6EOrder66ELi1ELm4294967295EE9showColorERK4CRGBiS2_
                0x0000283c       0x4a c:\Users\rtl55\OneDrive\PersonalProjs\danceStuff\DancingDress\build\sketch\dress.ino.cpp.o
                0x0000283c                CPixelLEDController<(EOrder)66, 1, 4294967295ul>::showColor(CRGB const&, int, CRGB)
 .text._ZN19CPixelLEDControllerIL6EOrder66ELi1ELm4294967295EE4showEPK4CRGBiS2_
                0x00002886       0x56 c:\Users\rtl55\OneDrive\PersonalProjs\danceStuff\DancingDress\build\sketch\dress.ino.cpp.o
                0x00002886                CPixelLEDController<(EOrder)66, 1, 4294967295ul>::show(CRGB const*, int, CRGB)
 .text.startup._GLOBAL__sub_I_ctx
                0x000028dc       0x28 c:\Users\rtl55\OneDrive\PersonalProjs\danceStuff\DancingDress\build\sketch\dress.ino.cpp.o
 .text._ZN14CLEDController17computeAdjustmentEhRK4CRGBS2_
                0x00002904       0x48 c:\Users\rtl55\OneDrive\PersonalProjs\danceStuff\DancingDress\build\libraries\FastLED\FastLED.cpp.o
                0x00002904                CLEDController::computeAdjustment(unsigned char, CRGB const&, CRGB const&)
 .text._ZN8CFastLED7addLedsEP14CLEDControllerP4CRGBii
                0x0000294c       0x50 c:\Users\rtl55\OneDrive\PersonalProjs\danceStuff\DancingDress\build\libraries\FastLED\FastLED.cpp.o
                0x0000294c                CFastLED::addLeds(CLEDController*, CRGB*, int, int)
 .text._ZN8CFastLED9clearDataEv
                0x0000299c       0x28 c:\Users\rtl55\OneDrive\PersonalProjs\danceStuff\DancingDress\build\libraries\FastLED\FastLED.cpp.o
                0x0000299c                CFastLED::clearData()
 .text._ZN8CFastLED8countFPSEi
                0x000029c4       0x44 c:\Users\rtl55\OneDrive\PersonalProjs\danceStuff\DancingDress\build\libraries\FastLED\FastLED.cpp.o
                0x000029c4                CFastLED::countFPS(int)
 .text._ZN8CFastLED4showEh
                0x00002a08       0xa4 c:\Users\rtl55\OneDrive\PersonalProjs\danceStuff\DancingDress\build\libraries\FastLED\FastLED.cpp.o
                0x00002a08                CFastLED::show(unsigned char)
 .text._ZN8CFastLED5delayEm
                0x00002aac       0x24 c:\Users\rtl55\OneDrive\PersonalProjs\danceStuff\DancingDress\build\libraries\FastLED\FastLED.cpp.o
                0x00002aac                CFastLED::delay(unsigned long)
 .text._ZN8CFastLED9showColorERK4CRGBh
                0x00002ad0       0xa0 c:\Users\rtl55\OneDrive\PersonalProjs\danceStuff\DancingDress\build\libraries\FastLED\FastLED.cpp.o
                0x00002ad0                CFastLED::showColor(CRGB const&, unsigned char)
 .text._ZN8CFastLED5clearEb
                0x00002b70       0x1e c:\Users\rtl55\OneDrive\PersonalProjs\danceStuff\DancingDress\build\libraries\FastLED\FastLED.cpp.o
                0x00002b70                CFastLED::clear(bool)
 *fill*         0x00002b8e        0x2 
 .text.startup._GLOBAL__sub_I_pSmartMatrix
                0x00002b90       0x18 c:\Users\rtl55\OneDrive\PersonalProjs\danceStuff\DancingDress\build\libraries\FastLED\FastLED.cpp.o
 .text._ZN5Print17availableForWriteEv
                0x00002ba8        0x4 c:\Users\rtl55\OneDrive\PersonalProjs\danceStuff\DancingDress\build\libraries\Wire\Wire.cpp.o
                0x00002ba8                Print::availableForWrite()
 .text._ZN7TwoWire5writeEPKhj
                0x00002bac       0x24 c:\Users\rtl55\OneDrive\PersonalProjs\danceStuff\DancingDress\build\libraries\Wire\Wire.cpp.o
                0x00002bac                TwoWire::write(unsigned char const*, unsigned int)
 .text._ZN7TwoWire5flushEv
                0x00002bd0        0x2 c:\Users\rtl55\OneDrive\PersonalProjs\danceStuff\DancingDress\build\libraries\Wire\Wire.cpp.o
                0x00002bd0                TwoWire::flush()
 .text._ZN7TwoWire4peekEv
                0x00002bd2       0x1a c:\Users\rtl55\OneDrive\PersonalProjs\danceStuff\DancingDress\build\libraries\Wire\Wire.cpp.o
                0x00002bd2                TwoWire::peek()
 .text._ZN7TwoWire9availableEv
                0x00002bec       0x12 c:\Users\rtl55\OneDrive\PersonalProjs\danceStuff\DancingDress\build\libraries\Wire\Wire.cpp.o
                0x00002bec                TwoWire::available()
 *fill*         0x00002bfe        0x2 
 .text._ZN7TwoWireC2EP6SERCOMhh
                0x00002c00       0x5c c:\Users\rtl55\OneDrive\PersonalProjs\danceStuff\DancingDress\build\libraries\Wire\Wire.cpp.o
                0x00002c00                TwoWire::TwoWire(SERCOM*, unsigned char, unsigned char)
                0x00002c00                TwoWire::TwoWire(SERCOM*, unsigned char, unsigned char)
 .text._ZN7TwoWire17beginTransmissionEh
                0x00002c5c       0x16 c:\Users\rtl55\OneDrive\PersonalProjs\danceStuff\DancingDress\build\libraries\Wire\Wire.cpp.o
                0x00002c5c                TwoWire::beginTransmission(unsigned char)
 .text._ZN11RingBufferNILi256EE10store_charEh
                0x00002c72       0x1a c:\Users\rtl55\OneDrive\PersonalProjs\danceStuff\DancingDress\build\libraries\Wire\Wire.cpp.o
                0x00002c72                RingBufferN<256>::store_char(unsigned char)
 .text._ZN7TwoWire11requestFromEhjb
                0x00002c8c       0x76 c:\Users\rtl55\OneDrive\PersonalProjs\danceStuff\DancingDress\build\libraries\Wire\Wire.cpp.o
                0x00002c8c                TwoWire::requestFrom(unsigned char, unsigned int, bool)
 .text._ZN7TwoWire5writeEh
                0x00002d02       0x2c c:\Users\rtl55\OneDrive\PersonalProjs\danceStuff\DancingDress\build\libraries\Wire\Wire.cpp.o
                0x00002d02                TwoWire::write(unsigned char)
 .text._ZN11RingBufferNILi256EE9read_charEv
                0x00002d2e       0x20 c:\Users\rtl55\OneDrive\PersonalProjs\danceStuff\DancingDress\build\libraries\Wire\Wire.cpp.o
                0x00002d2e                RingBufferN<256>::read_char()
 .text._ZN7TwoWire15endTransmissionEb
                0x00002d4e       0x70 c:\Users\rtl55\OneDrive\PersonalProjs\danceStuff\DancingDress\build\libraries\Wire\Wire.cpp.o
                0x00002d4e                TwoWire::endTransmission(bool)
 .text._ZN7TwoWire4readEv
                0x00002dbe        0xa c:\Users\rtl55\OneDrive\PersonalProjs\danceStuff\DancingDress\build\libraries\Wire\Wire.cpp.o
                0x00002dbe                TwoWire::read()
 .text._ZN7TwoWire9onServiceEv
                0x00002dc8      0x11c c:\Users\rtl55\OneDrive\PersonalProjs\danceStuff\DancingDress\build\libraries\Wire\Wire.cpp.o
                0x00002dc8                TwoWire::onService()
 .text._Z15WIRE_IT_HANDLERv
                0x00002ee4       0x10 c:\Users\rtl55\OneDrive\PersonalProjs\danceStuff\DancingDress\build\libraries\Wire\Wire.cpp.o
                0x00002ee4                WIRE_IT_HANDLER()
 .text.startup._GLOBAL__sub_I__ZN7TwoWireC2EP6SERCOMhh
                0x00002ef4       0x18 c:\Users\rtl55\OneDrive\PersonalProjs\danceStuff\DancingDress\build\libraries\Wire\Wire.cpp.o
 .text._ZN15Adafruit_Sensor15enableAutoRangeEb
                0x00002f0c        0x2 c:\Users\rtl55\OneDrive\PersonalProjs\danceStuff\DancingDress\build\libraries\Adafruit_LIS3DH\Adafruit_LIS3DH.cpp.o
                0x00002f0c                Adafruit_Sensor::enableAutoRange(bool)
 *fill*         0x00002f0e        0x2 
 .text._ZN15Adafruit_LIS3DH9getSensorEP8sensor_t
                0x00002f10       0x38 c:\Users\rtl55\OneDrive\PersonalProjs\danceStuff\DancingDress\build\libraries\Adafruit_LIS3DH\Adafruit_LIS3DH.cpp.o
                0x00002f10                Adafruit_LIS3DH::getSensor(sensor_t*)
 .text._ZN15Adafruit_LIS3DHC2EP7TwoWire
                0x00002f48       0x2c c:\Users\rtl55\OneDrive\PersonalProjs\danceStuff\DancingDress\build\libraries\Adafruit_LIS3DH\Adafruit_LIS3DH.cpp.o
                0x00002f48                Adafruit_LIS3DH::Adafruit_LIS3DH(TwoWire*)
                0x00002f48                Adafruit_LIS3DH::Adafruit_LIS3DH(TwoWire*)
 .text._ZN15Adafruit_LIS3DH8getRangeEv
                0x00002f74       0x34 c:\Users\rtl55\OneDrive\PersonalProjs\danceStuff\DancingDress\build\libraries\Adafruit_LIS3DH\Adafruit_LIS3DH.cpp.o
                0x00002f74                Adafruit_LIS3DH::getRange()
 .text._ZN15Adafruit_LIS3DH4readEv
                0x00002fa8       0xc4 c:\Users\rtl55\OneDrive\PersonalProjs\danceStuff\DancingDress\build\libraries\Adafruit_LIS3DH\Adafruit_LIS3DH.cpp.o
                0x00002fa8                Adafruit_LIS3DH::read()
 .text._ZN15Adafruit_LIS3DH8getEventEP15sensors_event_t
                0x0000306c       0x4c c:\Users\rtl55\OneDrive\PersonalProjs\danceStuff\DancingDress\build\libraries\Adafruit_LIS3DH\Adafruit_LIS3DH.cpp.o
                0x0000306c                Adafruit_LIS3DH::getEvent(sensors_event_t*)
 .text._ZN8SPIClassC2EP6SERCOMhhh14SercomSpiTXPad11SercomRXPad
                0x000030b8       0x74 c:\Users\rtl55\OneDrive\PersonalProjs\danceStuff\DancingDress\build\libraries\SPI\SPI.cpp.o
                0x000030b8                SPIClass::SPIClass(SERCOM*, unsigned char, unsigned char, unsigned char, SercomSpiTXPad, SercomRXPad)
                0x000030b8                SPIClass::SPIClass(SERCOM*, unsigned char, unsigned char, unsigned char, SercomSpiTXPad, SercomRXPad)
 .text._ZN8SPIClass6configE11SPISettings
                0x0000312c       0x36 c:\Users\rtl55\OneDrive\PersonalProjs\danceStuff\DancingDress\build\libraries\SPI\SPI.cpp.o
                0x0000312c                SPIClass::config(SPISettings)
 *fill*         0x00003162        0x2 
 .text._ZN8SPIClass16beginTransactionE11SPISettings
                0x00003164       0x38 c:\Users\rtl55\OneDrive\PersonalProjs\danceStuff\DancingDress\build\libraries\SPI\SPI.cpp.o
                0x00003164                SPIClass::beginTransaction(SPISettings)
 .text._ZN8SPIClass14endTransactionEv
                0x0000319c       0x28 c:\Users\rtl55\OneDrive\PersonalProjs\danceStuff\DancingDress\build\libraries\SPI\SPI.cpp.o
                0x0000319c                SPIClass::endTransaction()
 .text._ZN8SPIClass8transferEh
                0x000031c4        0xa c:\Users\rtl55\OneDrive\PersonalProjs\danceStuff\DancingDress\build\libraries\SPI\SPI.cpp.o
                0x000031c4                SPIClass::transfer(unsigned char)
 .text._ZN8SPIClass8transferEPvj
                0x000031ce       0x1c c:\Users\rtl55\OneDrive\PersonalProjs\danceStuff\DancingDress\build\libraries\SPI\SPI.cpp.o
                0x000031ce                SPIClass::transfer(void*, unsigned int)
 *fill*         0x000031ea        0x2 
 .text.startup._GLOBAL__sub_I__ZN8SPIClassC2EP6SERCOMhhh14SercomSpiTXPad11SercomRXPad
                0x000031ec       0x34 c:\Users\rtl55\OneDrive\PersonalProjs\danceStuff\DancingDress\build\libraries\SPI\SPI.cpp.o
 .text._ZL22cpu_irq_enter_criticalv
                0x00003220       0x2c c:\Users\rtl55\OneDrive\PersonalProjs\danceStuff\DancingDress\build\libraries\Adafruit_ZeroDMA\Adafruit_ZeroDMA.cpp.o
 .text._ZL22cpu_irq_leave_criticalv
                0x0000324c       0x2c c:\Users\rtl55\OneDrive\PersonalProjs\danceStuff\DancingDress\build\libraries\Adafruit_ZeroDMA\Adafruit_ZeroDMA.cpp.o
 .text._ZN16Adafruit_ZeroDMAC2Ev
                0x00003278       0x20 c:\Users\rtl55\OneDrive\PersonalProjs\danceStuff\DancingDress\build\libraries\Adafruit_ZeroDMA\Adafruit_ZeroDMA.cpp.o
                0x00003278                Adafruit_ZeroDMA::Adafruit_ZeroDMA()
                0x00003278                Adafruit_ZeroDMA::Adafruit_ZeroDMA()
 .text._ZN16Adafruit_ZeroDMA11_IRQhandlerEh
                0x00003298       0x44 c:\Users\rtl55\OneDrive\PersonalProjs\danceStuff\DancingDress\build\libraries\Adafruit_ZeroDMA\Adafruit_ZeroDMA.cpp.o
                0x00003298                Adafruit_ZeroDMA::_IRQhandler(unsigned char)
 .text.DMAC_Handler
                0x000032dc       0x48 c:\Users\rtl55\OneDrive\PersonalProjs\danceStuff\DancingDress\build\libraries\Adafruit_ZeroDMA\Adafruit_ZeroDMA.cpp.o
                0x000032dc                DMAC_Handler
 .text._ZN23Adafruit_BusIO_RegisterC2EP18Adafruit_I2CDeviceP18Adafruit_SPIDevice26_Adafruit_BusIO_SPIRegTypethhh
                0x00003324       0x2a c:\Users\rtl55\OneDrive\PersonalProjs\danceStuff\DancingDress\build\libraries\Adafruit_BusIO\Adafruit_BusIO_Register.cpp.o
                0x00003324                Adafruit_BusIO_Register::Adafruit_BusIO_Register(Adafruit_I2CDevice*, Adafruit_SPIDevice*, _Adafruit_BusIO_SPIRegType, unsigned short, unsigned char, unsigned char, unsigned char)
                0x00003324                Adafruit_BusIO_Register::Adafruit_BusIO_Register(Adafruit_I2CDevice*, Adafruit_SPIDevice*, _Adafruit_BusIO_SPIRegType, unsigned short, unsigned char, unsigned char, unsigned char)
 .text._ZN23Adafruit_BusIO_Register4readEPhh
                0x0000334e       0x7a c:\Users\rtl55\OneDrive\PersonalProjs\danceStuff\DancingDress\build\libraries\Adafruit_BusIO\Adafruit_BusIO_Register.cpp.o
                0x0000334e                Adafruit_BusIO_Register::read(unsigned char*, unsigned char)
 .text._ZN23Adafruit_BusIO_Register4readEv
                0x000033c8       0x3a c:\Users\rtl55\OneDrive\PersonalProjs\danceStuff\DancingDress\build\libraries\Adafruit_BusIO\Adafruit_BusIO_Register.cpp.o
                0x000033c8                Adafruit_BusIO_Register::read()
 .text._ZN27Adafruit_BusIO_RegisterBitsC2EP23Adafruit_BusIO_Registerhh
                0x00003402        0x8 c:\Users\rtl55\OneDrive\PersonalProjs\danceStuff\DancingDress\build\libraries\Adafruit_BusIO\Adafruit_BusIO_Register.cpp.o
                0x00003402                Adafruit_BusIO_RegisterBits::Adafruit_BusIO_RegisterBits(Adafruit_BusIO_Register*, unsigned char, unsigned char)
                0x00003402                Adafruit_BusIO_RegisterBits::Adafruit_BusIO_RegisterBits(Adafruit_BusIO_Register*, unsigned char, unsigned char)
 .text._ZN27Adafruit_BusIO_RegisterBits4readEv
                0x0000340a       0x1a c:\Users\rtl55\OneDrive\PersonalProjs\danceStuff\DancingDress\build\libraries\Adafruit_BusIO\Adafruit_BusIO_Register.cpp.o
                0x0000340a                Adafruit_BusIO_RegisterBits::read()
 .text._ZN18Adafruit_I2CDevice5writeEPKhjbS1_j
                0x00003424       0x60 c:\Users\rtl55\OneDrive\PersonalProjs\danceStuff\DancingDress\build\libraries\Adafruit_BusIO\Adafruit_I2CDevice.cpp.o
                0x00003424                Adafruit_I2CDevice::write(unsigned char const*, unsigned int, bool, unsigned char const*, unsigned int)
 .text._ZN18Adafruit_I2CDevice4readEPhjb
                0x00003484       0x3a c:\Users\rtl55\OneDrive\PersonalProjs\danceStuff\DancingDress\build\libraries\Adafruit_BusIO\Adafruit_I2CDevice.cpp.o
                0x00003484                Adafruit_I2CDevice::read(unsigned char*, unsigned int, bool)
 .text._ZN18Adafruit_I2CDevice15write_then_readEPKhjPhjb
                0x000034be       0x2a c:\Users\rtl55\OneDrive\PersonalProjs\danceStuff\DancingDress\build\libraries\Adafruit_BusIO\Adafruit_I2CDevice.cpp.o
                0x000034be                Adafruit_I2CDevice::write_then_read(unsigned char const*, unsigned int, unsigned char*, unsigned int, bool)
 .text._ZN18Adafruit_SPIDevice8transferEPhj
                0x000034e8      0x16c c:\Users\rtl55\OneDrive\PersonalProjs\danceStuff\DancingDress\build\libraries\Adafruit_BusIO\Adafruit_SPIDevice.cpp.o
                0x000034e8                Adafruit_SPIDevice::transfer(unsigned char*, unsigned int)
 .text._ZN18Adafruit_SPIDevice8transferEh
                0x00003654       0x14 c:\Users\rtl55\OneDrive\PersonalProjs\danceStuff\DancingDress\build\libraries\Adafruit_BusIO\Adafruit_SPIDevice.cpp.o
                0x00003654                Adafruit_SPIDevice::transfer(unsigned char)
 .text._ZN18Adafruit_SPIDevice15write_then_readEPhjS0_jh
                0x00003668       0x6c c:\Users\rtl55\OneDrive\PersonalProjs\danceStuff\DancingDress\build\libraries\Adafruit_BusIO\Adafruit_SPIDevice.cpp.o
                0x00003668                Adafruit_SPIDevice::write_then_read(unsigned char*, unsigned int, unsigned char*, unsigned int, unsigned char)
 .text.tusb_init
                0x000036d4        0xa c:\Users\rtl55\OneDrive\PersonalProjs\danceStuff\DancingDress\build\libraries\Adafruit_TinyUSB_Arduino\tusb.c.o
                0x000036d4                tusb_init
 .text.tusb_inited
                0x000036de        0x8 c:\Users\rtl55\OneDrive\PersonalProjs\danceStuff\DancingDress\build\libraries\Adafruit_TinyUSB_Arduino\tusb.c.o
                0x000036de                tusb_inited
 *fill*         0x000036e6        0x2 
 .text.TinyUSB_Device_Init
                0x000036e8       0x10 c:\Users\rtl55\OneDrive\PersonalProjs\danceStuff\DancingDress\build\libraries\Adafruit_TinyUSB_Arduino\arduino\Adafruit_TinyUSB_API.cpp.o
                0x000036e8                TinyUSB_Device_Init
 .text.TinyUSB_Device_Task
                0x000036f8        0x8 c:\Users\rtl55\OneDrive\PersonalProjs\danceStuff\DancingDress\build\libraries\Adafruit_TinyUSB_Arduino\arduino\Adafruit_TinyUSB_API.cpp.o
                0x000036f8                TinyUSB_Device_Task
 .text.TinyUSB_Device_FlushCDC
                0x00003700       0x1c c:\Users\rtl55\OneDrive\PersonalProjs\danceStuff\DancingDress\build\libraries\Adafruit_TinyUSB_Arduino\arduino\Adafruit_TinyUSB_API.cpp.o
                0x00003700                TinyUSB_Device_FlushCDC
 .text._ZN17Adafruit_USBD_CDC22getInterfaceDescriptorEhPht
                0x0000371c       0xe0 c:\Users\rtl55\OneDrive\PersonalProjs\danceStuff\DancingDress\build\libraries\Adafruit_TinyUSB_Arduino\arduino\Adafruit_USBD_CDC.cpp.o
                0x0000371c                Adafruit_USBD_CDC::getInterfaceDescriptor(unsigned char, unsigned char*, unsigned short)
 .text._ZThn16_N17Adafruit_USBD_CDC22getInterfaceDescriptorEhPht
                0x000037fc       0x10 c:\Users\rtl55\OneDrive\PersonalProjs\danceStuff\DancingDress\build\libraries\Adafruit_TinyUSB_Arduino\arduino\Adafruit_USBD_CDC.cpp.o
                0x000037fc                non-virtual thunk to Adafruit_USBD_CDC::getInterfaceDescriptor(unsigned char, unsigned char*, unsigned short)
 .text._ZN17Adafruit_USBD_CDC5writeEh
                0x0000380c       0x14 c:\Users\rtl55\OneDrive\PersonalProjs\danceStuff\DancingDress\build\libraries\Adafruit_TinyUSB_Arduino\arduino\Adafruit_USBD_CDC.cpp.o
                0x0000380c                Adafruit_USBD_CDC::write(unsigned char)
 .text._ZN17Adafruit_USBD_CDC9availableEv
                0x00003820       0x1a c:\Users\rtl55\OneDrive\PersonalProjs\danceStuff\DancingDress\build\libraries\Adafruit_TinyUSB_Arduino\arduino\Adafruit_USBD_CDC.cpp.o
                0x00003820                Adafruit_USBD_CDC::available()
 .text._ZN17Adafruit_USBD_CDC4peekEv
                0x0000383a       0x20 c:\Users\rtl55\OneDrive\PersonalProjs\danceStuff\DancingDress\build\libraries\Adafruit_TinyUSB_Arduino\arduino\Adafruit_USBD_CDC.cpp.o
                0x0000383a                Adafruit_USBD_CDC::peek()
 .text._ZN17Adafruit_USBD_CDC4readEv
                0x0000385a       0x22 c:\Users\rtl55\OneDrive\PersonalProjs\danceStuff\DancingDress\build\libraries\Adafruit_TinyUSB_Arduino\arduino\Adafruit_USBD_CDC.cpp.o
                0x0000385a                Adafruit_USBD_CDC::read()
 .text._ZN17Adafruit_USBD_CDC5flushEv
                0x0000387c        0xe c:\Users\rtl55\OneDrive\PersonalProjs\danceStuff\DancingDress\build\libraries\Adafruit_TinyUSB_Arduino\arduino\Adafruit_USBD_CDC.cpp.o
                0x0000387c                Adafruit_USBD_CDC::flush()
 .text._ZN17Adafruit_USBD_CDC17availableForWriteEv
                0x0000388a       0x12 c:\Users\rtl55\OneDrive\PersonalProjs\danceStuff\DancingDress\build\libraries\Adafruit_TinyUSB_Arduino\arduino\Adafruit_USBD_CDC.cpp.o
                0x0000388a                Adafruit_USBD_CDC::availableForWrite()
 .text._ZN17Adafruit_USBD_CDC5writeEPKhj
                0x0000389c       0x3c c:\Users\rtl55\OneDrive\PersonalProjs\danceStuff\DancingDress\build\libraries\Adafruit_TinyUSB_Arduino\arduino\Adafruit_USBD_CDC.cpp.o
                0x0000389c                Adafruit_USBD_CDC::write(unsigned char const*, unsigned int)
 .text._ZN17Adafruit_USBD_CDC16getInstanceCountEv
                0x000038d8        0xc c:\Users\rtl55\OneDrive\PersonalProjs\danceStuff\DancingDress\build\libraries\Adafruit_TinyUSB_Arduino\arduino\Adafruit_USBD_CDC.cpp.o
                0x000038d8                Adafruit_USBD_CDC::getInstanceCount()
 .text._ZN17Adafruit_USBD_CDCC2Ev
                0x000038e4       0x24 c:\Users\rtl55\OneDrive\PersonalProjs\danceStuff\DancingDress\build\libraries\Adafruit_TinyUSB_Arduino\arduino\Adafruit_USBD_CDC.cpp.o
                0x000038e4                Adafruit_USBD_CDC::Adafruit_USBD_CDC()
                0x000038e4                Adafruit_USBD_CDC::Adafruit_USBD_CDC()
 .text._ZN17Adafruit_USBD_CDC5beginEm
                0x00003908       0x34 c:\Users\rtl55\OneDrive\PersonalProjs\danceStuff\DancingDress\build\libraries\Adafruit_TinyUSB_Arduino\arduino\Adafruit_USBD_CDC.cpp.o
                0x00003908                Adafruit_USBD_CDC::begin(unsigned long)
 .text.tud_cdc_line_state_cb
                0x0000393c       0x20 c:\Users\rtl55\OneDrive\PersonalProjs\danceStuff\DancingDress\build\libraries\Adafruit_TinyUSB_Arduino\arduino\Adafruit_USBD_CDC.cpp.o
                0x0000393c                tud_cdc_line_state_cb
 .text.startup._GLOBAL__sub_I_Serial
                0x0000395c       0x10 c:\Users\rtl55\OneDrive\PersonalProjs\danceStuff\DancingDress\build\libraries\Adafruit_TinyUSB_Arduino\arduino\Adafruit_USBD_CDC.cpp.o
 .text._ZN20Adafruit_USBD_Device18clearConfigurationEv
                0x0000396c       0x90 c:\Users\rtl55\OneDrive\PersonalProjs\danceStuff\DancingDress\build\libraries\Adafruit_TinyUSB_Arduino\arduino\Adafruit_USBD_Device.cpp.o
                0x0000396c                Adafruit_USBD_Device::clearConfiguration()
 .text._ZN20Adafruit_USBD_Device12addInterfaceER23Adafruit_USBD_Interface
                0x000039fc       0xc6 c:\Users\rtl55\OneDrive\PersonalProjs\danceStuff\DancingDress\build\libraries\Adafruit_TinyUSB_Arduino\arduino\Adafruit_USBD_Device.cpp.o
                0x000039fc                Adafruit_USBD_Device::addInterface(Adafruit_USBD_Interface&)
 *fill*         0x00003ac2        0x2 
 .text._ZN20Adafruit_USBD_Device19getSerialDescriptorEPt
                0x00003ac4       0x60 c:\Users\rtl55\OneDrive\PersonalProjs\danceStuff\DancingDress\build\libraries\Adafruit_TinyUSB_Arduino\arduino\Adafruit_USBD_Device.cpp.o
                0x00003ac4                Adafruit_USBD_Device::getSerialDescriptor(unsigned short*)
 .text._ZN20Adafruit_USBD_Device5beginEh
                0x00003b24       0x30 c:\Users\rtl55\OneDrive\PersonalProjs\danceStuff\DancingDress\build\libraries\Adafruit_TinyUSB_Arduino\arduino\Adafruit_USBD_Device.cpp.o
                0x00003b24                Adafruit_USBD_Device::begin(unsigned char)
 .text._ZN20Adafruit_USBD_Device20descriptor_string_cbEht
                0x00003b54      0x168 c:\Users\rtl55\OneDrive\PersonalProjs\danceStuff\DancingDress\build\libraries\Adafruit_TinyUSB_Arduino\arduino\Adafruit_USBD_Device.cpp.o
                0x00003b54                Adafruit_USBD_Device::descriptor_string_cb(unsigned char, unsigned short)
 .text.tud_descriptor_device_cb
                0x00003cbc        0x8 c:\Users\rtl55\OneDrive\PersonalProjs\danceStuff\DancingDress\build\libraries\Adafruit_TinyUSB_Arduino\arduino\Adafruit_USBD_Device.cpp.o
                0x00003cbc                tud_descriptor_device_cb
 .text.tud_descriptor_configuration_cb
                0x00003cc4        0xc c:\Users\rtl55\OneDrive\PersonalProjs\danceStuff\DancingDress\build\libraries\Adafruit_TinyUSB_Arduino\arduino\Adafruit_USBD_Device.cpp.o
                0x00003cc4                tud_descriptor_configuration_cb
 .text.tud_descriptor_string_cb
                0x00003cd0       0x14 c:\Users\rtl55\OneDrive\PersonalProjs\danceStuff\DancingDress\build\libraries\Adafruit_TinyUSB_Arduino\arduino\Adafruit_USBD_Device.cpp.o
                0x00003cd0                tud_descriptor_string_cb
 .text.tud_hid_descriptor_report_cb
                0x00003ce4       0x10 c:\Users\rtl55\OneDrive\PersonalProjs\danceStuff\DancingDress\build\libraries\Adafruit_TinyUSB_Arduino\arduino\hid\Adafruit_USBD_HID.cpp.o
                0x00003ce4                tud_hid_descriptor_report_cb
 .text.tud_hid_get_report_cb
                0x00003cf4       0x28 c:\Users\rtl55\OneDrive\PersonalProjs\danceStuff\DancingDress\build\libraries\Adafruit_TinyUSB_Arduino\arduino\hid\Adafruit_USBD_HID.cpp.o
                0x00003cf4                tud_hid_get_report_cb
 .text.tud_hid_set_report_cb
                0x00003d1c       0x24 c:\Users\rtl55\OneDrive\PersonalProjs\danceStuff\DancingDress\build\libraries\Adafruit_TinyUSB_Arduino\arduino\hid\Adafruit_USBD_HID.cpp.o
                0x00003d1c                tud_hid_set_report_cb
 .text.tud_msc_get_maxlun_cb
                0x00003d40       0x14 c:\Users\rtl55\OneDrive\PersonalProjs\danceStuff\DancingDress\build\libraries\Adafruit_TinyUSB_Arduino\arduino\msc\Adafruit_USBD_MSC.cpp.o
                0x00003d40                tud_msc_get_maxlun_cb
 .text.tud_msc_inquiry_cb
                0x00003d54       0x90 c:\Users\rtl55\OneDrive\PersonalProjs\danceStuff\DancingDress\build\libraries\Adafruit_TinyUSB_Arduino\arduino\msc\Adafruit_USBD_MSC.cpp.o
                0x00003d54                tud_msc_inquiry_cb
 .text.tud_msc_test_unit_ready_cb
                0x00003de4       0x30 c:\Users\rtl55\OneDrive\PersonalProjs\danceStuff\DancingDress\build\libraries\Adafruit_TinyUSB_Arduino\arduino\msc\Adafruit_USBD_MSC.cpp.o
                0x00003de4                tud_msc_test_unit_ready_cb
 .text.tud_msc_capacity_cb
                0x00003e14       0x20 c:\Users\rtl55\OneDrive\PersonalProjs\danceStuff\DancingDress\build\libraries\Adafruit_TinyUSB_Arduino\arduino\msc\Adafruit_USBD_MSC.cpp.o
                0x00003e14                tud_msc_capacity_cb
 .text.tud_msc_scsi_cb
                0x00003e34       0x30 c:\Users\rtl55\OneDrive\PersonalProjs\danceStuff\DancingDress\build\libraries\Adafruit_TinyUSB_Arduino\arduino\msc\Adafruit_USBD_MSC.cpp.o
                0x00003e34                tud_msc_scsi_cb
 .text.tud_msc_read10_cb
                0x00003e64       0x2c c:\Users\rtl55\OneDrive\PersonalProjs\danceStuff\DancingDress\build\libraries\Adafruit_TinyUSB_Arduino\arduino\msc\Adafruit_USBD_MSC.cpp.o
                0x00003e64                tud_msc_read10_cb
 .text.tud_msc_write10_cb
                0x00003e90       0x2c c:\Users\rtl55\OneDrive\PersonalProjs\danceStuff\DancingDress\build\libraries\Adafruit_TinyUSB_Arduino\arduino\msc\Adafruit_USBD_MSC.cpp.o
                0x00003e90                tud_msc_write10_cb
 .text.tud_msc_write10_complete_cb
                0x00003ebc       0x20 c:\Users\rtl55\OneDrive\PersonalProjs\danceStuff\DancingDress\build\libraries\Adafruit_TinyUSB_Arduino\arduino\msc\Adafruit_USBD_MSC.cpp.o
                0x00003ebc                tud_msc_write10_complete_cb
 .text.USB_Handler
                0x00003edc        0xa c:\Users\rtl55\OneDrive\PersonalProjs\danceStuff\DancingDress\build\libraries\Adafruit_TinyUSB_Arduino\arduino\ports\samd\Adafruit_TinyUSB_samd.cpp.o
                0x00003edc                USB_Handler
 *fill*         0x00003ee6        0x2 
 .text._Z23TinyUSB_Port_InitDeviceh
                0x00003ee8       0x7c c:\Users\rtl55\OneDrive\PersonalProjs\danceStuff\DancingDress\build\libraries\Adafruit_TinyUSB_Arduino\arduino\ports\samd\Adafruit_TinyUSB_samd.cpp.o
                0x00003ee8                TinyUSB_Port_InitDevice(unsigned char)
 .text._Z21TinyUSB_Port_EnterDFUv
                0x00003f64        0xa c:\Users\rtl55\OneDrive\PersonalProjs\danceStuff\DancingDress\build\libraries\Adafruit_TinyUSB_Arduino\arduino\ports\samd\Adafruit_TinyUSB_samd.cpp.o
                0x00003f64                TinyUSB_Port_EnterDFU()
 *fill*         0x00003f6e        0x2 
 .text._Z28TinyUSB_Port_GetSerialNumberPh
                0x00003f70       0x2c c:\Users\rtl55\OneDrive\PersonalProjs\danceStuff\DancingDress\build\libraries\Adafruit_TinyUSB_Arduino\arduino\ports\samd\Adafruit_TinyUSB_samd.cpp.o
                0x00003f70                TinyUSB_Port_GetSerialNumber(unsigned char*)
 .text.tud_descriptor_bos_cb
                0x00003f9c        0x8 c:\Users\rtl55\OneDrive\PersonalProjs\danceStuff\DancingDress\build\libraries\Adafruit_TinyUSB_Arduino\arduino\webusb\Adafruit_USBD_WebUSB.cpp.o
                0x00003f9c                tud_descriptor_bos_cb
 .text.tud_vendor_control_xfer_cb
                0x00003fa4       0x9c c:\Users\rtl55\OneDrive\PersonalProjs\danceStuff\DancingDress\build\libraries\Adafruit_TinyUSB_Arduino\arduino\webusb\Adafruit_USBD_WebUSB.cpp.o
                0x00003fa4                tud_vendor_control_xfer_cb
 .text._prep_out_transaction
                0x00004040       0x44 c:\Users\rtl55\OneDrive\PersonalProjs\danceStuff\DancingDress\build\libraries\Adafruit_TinyUSB_Arduino\class\cdc\cdc_device.c.o
 .text.tud_cdc_n_connected
                0x00004084       0x30 c:\Users\rtl55\OneDrive\PersonalProjs\danceStuff\DancingDress\build\libraries\Adafruit_TinyUSB_Arduino\class\cdc\cdc_device.c.o
                0x00004084                tud_cdc_n_connected
 .text.tud_cdc_n_get_line_coding
                0x000040b4       0x20 c:\Users\rtl55\OneDrive\PersonalProjs\danceStuff\DancingDress\build\libraries\Adafruit_TinyUSB_Arduino\class\cdc\cdc_device.c.o
                0x000040b4                tud_cdc_n_get_line_coding
 .text.tud_cdc_n_available
                0x000040d4       0x18 c:\Users\rtl55\OneDrive\PersonalProjs\danceStuff\DancingDress\build\libraries\Adafruit_TinyUSB_Arduino\class\cdc\cdc_device.c.o
                0x000040d4                tud_cdc_n_available
 .text.tud_cdc_n_read
                0x000040ec       0x28 c:\Users\rtl55\OneDrive\PersonalProjs\danceStuff\DancingDress\build\libraries\Adafruit_TinyUSB_Arduino\class\cdc\cdc_device.c.o
                0x000040ec                tud_cdc_n_read
 .text.tud_cdc_n_peek
                0x00004114       0x18 c:\Users\rtl55\OneDrive\PersonalProjs\danceStuff\DancingDress\build\libraries\Adafruit_TinyUSB_Arduino\class\cdc\cdc_device.c.o
                0x00004114                tud_cdc_n_peek
 .text.tud_cdc_n_write_flush
                0x0000412c       0x78 c:\Users\rtl55\OneDrive\PersonalProjs\danceStuff\DancingDress\build\libraries\Adafruit_TinyUSB_Arduino\class\cdc\cdc_device.c.o
                0x0000412c                tud_cdc_n_write_flush
 .text.tud_cdc_n_write
                0x000041a4       0x34 c:\Users\rtl55\OneDrive\PersonalProjs\danceStuff\DancingDress\build\libraries\Adafruit_TinyUSB_Arduino\class\cdc\cdc_device.c.o
                0x000041a4                tud_cdc_n_write
 .text.tud_cdc_n_write_available
                0x000041d8       0x18 c:\Users\rtl55\OneDrive\PersonalProjs\danceStuff\DancingDress\build\libraries\Adafruit_TinyUSB_Arduino\class\cdc\cdc_device.c.o
                0x000041d8                tud_cdc_n_write_available
 .text.cdcd_init
                0x000041f0       0x60 c:\Users\rtl55\OneDrive\PersonalProjs\danceStuff\DancingDress\build\libraries\Adafruit_TinyUSB_Arduino\class\cdc\cdc_device.c.o
                0x000041f0                cdcd_init
 .text.cdcd_reset
                0x00004250       0x30 c:\Users\rtl55\OneDrive\PersonalProjs\danceStuff\DancingDress\build\libraries\Adafruit_TinyUSB_Arduino\class\cdc\cdc_device.c.o
                0x00004250                cdcd_reset
 .text.cdcd_open
                0x00004280       0xa4 c:\Users\rtl55\OneDrive\PersonalProjs\danceStuff\DancingDress\build\libraries\Adafruit_TinyUSB_Arduino\class\cdc\cdc_device.c.o
                0x00004280                cdcd_open
 .text.cdcd_control_xfer_cb
                0x00004324       0xd8 c:\Users\rtl55\OneDrive\PersonalProjs\danceStuff\DancingDress\build\libraries\Adafruit_TinyUSB_Arduino\class\cdc\cdc_device.c.o
                0x00004324                cdcd_control_xfer_cb
 .text.cdcd_xfer_cb
                0x000043fc       0xe4 c:\Users\rtl55\OneDrive\PersonalProjs\danceStuff\DancingDress\build\libraries\Adafruit_TinyUSB_Arduino\class\cdc\cdc_device.c.o
                0x000043fc                cdcd_xfer_cb
 .text.hidd_reset
                0x000044e0       0x14 c:\Users\rtl55\OneDrive\PersonalProjs\danceStuff\DancingDress\build\libraries\Adafruit_TinyUSB_Arduino\class\hid\hid_device.c.o
                0x000044e0                hidd_reset
 .text.hidd_init
                0x000044f4        0xa c:\Users\rtl55\OneDrive\PersonalProjs\danceStuff\DancingDress\build\libraries\Adafruit_TinyUSB_Arduino\class\hid\hid_device.c.o
                0x000044f4                hidd_init
 *fill*         0x000044fe        0x2 
 .text.hidd_open
                0x00004500       0x98 c:\Users\rtl55\OneDrive\PersonalProjs\danceStuff\DancingDress\build\libraries\Adafruit_TinyUSB_Arduino\class\hid\hid_device.c.o
                0x00004500                hidd_open
 .text.hidd_control_xfer_cb
                0x00004598      0x190 c:\Users\rtl55\OneDrive\PersonalProjs\danceStuff\DancingDress\build\libraries\Adafruit_TinyUSB_Arduino\class\hid\hid_device.c.o
                0x00004598                hidd_control_xfer_cb
 .text.hidd_xfer_cb
                0x00004728       0x60 c:\Users\rtl55\OneDrive\PersonalProjs\danceStuff\DancingDress\build\libraries\Adafruit_TinyUSB_Arduino\class\hid\hid_device.c.o
                0x00004728                hidd_xfer_cb
 .text._prep_out_transaction
                0x00004788       0x42 c:\Users\rtl55\OneDrive\PersonalProjs\danceStuff\DancingDress\build\libraries\Adafruit_TinyUSB_Arduino\class\midi\midi_device.c.o
 .text.write_flush
                0x000047ca       0x50 c:\Users\rtl55\OneDrive\PersonalProjs\danceStuff\DancingDress\build\libraries\Adafruit_TinyUSB_Arduino\class\midi\midi_device.c.o
 *fill*         0x0000481a        0x2 
 .text.midid_init
                0x0000481c       0x44 c:\Users\rtl55\OneDrive\PersonalProjs\danceStuff\DancingDress\build\libraries\Adafruit_TinyUSB_Arduino\class\midi\midi_device.c.o
                0x0000481c                midid_init
 .text.midid_reset
                0x00004860       0x28 c:\Users\rtl55\OneDrive\PersonalProjs\danceStuff\DancingDress\build\libraries\Adafruit_TinyUSB_Arduino\class\midi\midi_device.c.o
                0x00004860                midid_reset
 .text.midid_open
                0x00004888       0xc8 c:\Users\rtl55\OneDrive\PersonalProjs\danceStuff\DancingDress\build\libraries\Adafruit_TinyUSB_Arduino\class\midi\midi_device.c.o
                0x00004888                midid_open
 .text.midid_control_xfer_cb
                0x00004950        0x4 c:\Users\rtl55\OneDrive\PersonalProjs\danceStuff\DancingDress\build\libraries\Adafruit_TinyUSB_Arduino\class\midi\midi_device.c.o
                0x00004950                midid_control_xfer_cb
 .text.midid_xfer_cb
                0x00004954       0x8c c:\Users\rtl55\OneDrive\PersonalProjs\danceStuff\DancingDress\build\libraries\Adafruit_TinyUSB_Arduino\class\midi\midi_device.c.o
                0x00004954                midid_xfer_cb
 .text.proc_read10_cmd.constprop.0
                0x000049e0       0xb4 c:\Users\rtl55\OneDrive\PersonalProjs\danceStuff\DancingDress\build\libraries\Adafruit_TinyUSB_Arduino\class\msc\msc_device.c.o
 .text.proc_write10_cmd.constprop.0
                0x00004a94       0x68 c:\Users\rtl55\OneDrive\PersonalProjs\danceStuff\DancingDress\build\libraries\Adafruit_TinyUSB_Arduino\class\msc\msc_device.c.o
 .text.tud_msc_set_sense
                0x00004afc       0x1c c:\Users\rtl55\OneDrive\PersonalProjs\danceStuff\DancingDress\build\libraries\Adafruit_TinyUSB_Arduino\class\msc\msc_device.c.o
                0x00004afc                tud_msc_set_sense
 .text.mscd_init
                0x00004b18       0x14 c:\Users\rtl55\OneDrive\PersonalProjs\danceStuff\DancingDress\build\libraries\Adafruit_TinyUSB_Arduino\class\msc\msc_device.c.o
                0x00004b18                mscd_init
 .text.mscd_reset
                0x00004b2c       0x14 c:\Users\rtl55\OneDrive\PersonalProjs\danceStuff\DancingDress\build\libraries\Adafruit_TinyUSB_Arduino\class\msc\msc_device.c.o
                0x00004b2c                mscd_reset
 .text.mscd_open
                0x00004b40       0x58 c:\Users\rtl55\OneDrive\PersonalProjs\danceStuff\DancingDress\build\libraries\Adafruit_TinyUSB_Arduino\class\msc\msc_device.c.o
                0x00004b40                mscd_open
 .text.mscd_control_xfer_cb
                0x00004b98       0x60 c:\Users\rtl55\OneDrive\PersonalProjs\danceStuff\DancingDress\build\libraries\Adafruit_TinyUSB_Arduino\class\msc\msc_device.c.o
                0x00004b98                mscd_control_xfer_cb
 .text.mscd_xfer_cb
                0x00004bf8      0x4a8 c:\Users\rtl55\OneDrive\PersonalProjs\danceStuff\DancingDress\build\libraries\Adafruit_TinyUSB_Arduino\class\msc\msc_device.c.o
                0x00004bf8                mscd_xfer_cb
 .text._prep_out_transaction
                0x000050a0       0x2a c:\Users\rtl55\OneDrive\PersonalProjs\danceStuff\DancingDress\build\libraries\Adafruit_TinyUSB_Arduino\class\vendor\vendor_device.c.o
 .text.maybe_transmit
                0x000050ca       0x38 c:\Users\rtl55\OneDrive\PersonalProjs\danceStuff\DancingDress\build\libraries\Adafruit_TinyUSB_Arduino\class\vendor\vendor_device.c.o
 *fill*         0x00005102        0x2 
 .text.vendord_init
                0x00005104       0x44 c:\Users\rtl55\OneDrive\PersonalProjs\danceStuff\DancingDress\build\libraries\Adafruit_TinyUSB_Arduino\class\vendor\vendor_device.c.o
                0x00005104                vendord_init
 .text.vendord_reset
                0x00005148       0x24 c:\Users\rtl55\OneDrive\PersonalProjs\danceStuff\DancingDress\build\libraries\Adafruit_TinyUSB_Arduino\class\vendor\vendor_device.c.o
                0x00005148                vendord_reset
 .text.vendord_open
                0x0000516c       0x64 c:\Users\rtl55\OneDrive\PersonalProjs\danceStuff\DancingDress\build\libraries\Adafruit_TinyUSB_Arduino\class\vendor\vendor_device.c.o
                0x0000516c                vendord_open
 .text.vendord_xfer_cb
                0x000051d0       0x4c c:\Users\rtl55\OneDrive\PersonalProjs\danceStuff\DancingDress\build\libraries\Adafruit_TinyUSB_Arduino\class\vendor\vendor_device.c.o
                0x000051d0                vendord_xfer_cb
 .text.advance_pointer
                0x0000521c       0x18 c:\Users\rtl55\OneDrive\PersonalProjs\danceStuff\DancingDress\build\libraries\Adafruit_TinyUSB_Arduino\common\tusb_fifo.c.o
 .text._tu_fifo_correct_read_pointer
                0x00005234       0x1e c:\Users\rtl55\OneDrive\PersonalProjs\danceStuff\DancingDress\build\libraries\Adafruit_TinyUSB_Arduino\common\tusb_fifo.c.o
 *fill*         0x00005252        0x2 
 .text._ff_pull_const_addr
                0x00005254       0x58 c:\Users\rtl55\OneDrive\PersonalProjs\danceStuff\DancingDress\build\libraries\Adafruit_TinyUSB_Arduino\common\tusb_fifo.c.o
 .text._tu_fifo_peek_n
                0x000052ac      0x124 c:\Users\rtl55\OneDrive\PersonalProjs\danceStuff\DancingDress\build\libraries\Adafruit_TinyUSB_Arduino\common\tusb_fifo.c.o
 .text._ff_push_const_addr
                0x000053d0       0x48 c:\Users\rtl55\OneDrive\PersonalProjs\danceStuff\DancingDress\build\libraries\Adafruit_TinyUSB_Arduino\common\tusb_fifo.c.o
 .text._tu_fifo_peek
                0x00005418       0x48 c:\Users\rtl55\OneDrive\PersonalProjs\danceStuff\DancingDress\build\libraries\Adafruit_TinyUSB_Arduino\common\tusb_fifo.c.o
 .text._tu_fifo_write_n.part.0
                0x00005460      0x140 c:\Users\rtl55\OneDrive\PersonalProjs\danceStuff\DancingDress\build\libraries\Adafruit_TinyUSB_Arduino\common\tusb_fifo.c.o
 .text.tu_fifo_config
                0x000055a0       0x2e c:\Users\rtl55\OneDrive\PersonalProjs\danceStuff\DancingDress\build\libraries\Adafruit_TinyUSB_Arduino\common\tusb_fifo.c.o
                0x000055a0                tu_fifo_config
 .text.tu_fifo_count
                0x000055ce       0x20 c:\Users\rtl55\OneDrive\PersonalProjs\danceStuff\DancingDress\build\libraries\Adafruit_TinyUSB_Arduino\common\tusb_fifo.c.o
                0x000055ce                tu_fifo_count
 .text.tu_fifo_empty
                0x000055ee        0xe c:\Users\rtl55\OneDrive\PersonalProjs\danceStuff\DancingDress\build\libraries\Adafruit_TinyUSB_Arduino\common\tusb_fifo.c.o
                0x000055ee                tu_fifo_empty
 .text.tu_fifo_remaining
                0x000055fc       0x1c c:\Users\rtl55\OneDrive\PersonalProjs\danceStuff\DancingDress\build\libraries\Adafruit_TinyUSB_Arduino\common\tusb_fifo.c.o
                0x000055fc                tu_fifo_remaining
 .text.tu_fifo_read
                0x00005618       0x24 c:\Users\rtl55\OneDrive\PersonalProjs\danceStuff\DancingDress\build\libraries\Adafruit_TinyUSB_Arduino\common\tusb_fifo.c.o
                0x00005618                tu_fifo_read
 .text.tu_fifo_read_n
                0x0000563c       0x2a c:\Users\rtl55\OneDrive\PersonalProjs\danceStuff\DancingDress\build\libraries\Adafruit_TinyUSB_Arduino\common\tusb_fifo.c.o
                0x0000563c                tu_fifo_read_n
 .text.tu_fifo_peek
                0x00005666       0x10 c:\Users\rtl55\OneDrive\PersonalProjs\danceStuff\DancingDress\build\libraries\Adafruit_TinyUSB_Arduino\common\tusb_fifo.c.o
                0x00005666                tu_fifo_peek
 .text.tu_fifo_write
                0x00005676       0x50 c:\Users\rtl55\OneDrive\PersonalProjs\danceStuff\DancingDress\build\libraries\Adafruit_TinyUSB_Arduino\common\tusb_fifo.c.o
                0x00005676                tu_fifo_write
 .text.tu_fifo_write_n
                0x000056c6       0x12 c:\Users\rtl55\OneDrive\PersonalProjs\danceStuff\DancingDress\build\libraries\Adafruit_TinyUSB_Arduino\common\tusb_fifo.c.o
                0x000056c6                tu_fifo_write_n
 .text.tu_fifo_clear
                0x000056d8       0x18 c:\Users\rtl55\OneDrive\PersonalProjs\danceStuff\DancingDress\build\libraries\Adafruit_TinyUSB_Arduino\common\tusb_fifo.c.o
                0x000056d8                tu_fifo_clear
 .text.tu_fifo_set_overwritable
                0x000056f0        0x6 c:\Users\rtl55\OneDrive\PersonalProjs\danceStuff\DancingDress\build\libraries\Adafruit_TinyUSB_Arduino\common\tusb_fifo.c.o
                0x000056f0                tu_fifo_set_overwritable
 *fill*         0x000056f6        0x2 
 .text.get_driver
                0x000056f8       0x40 c:\Users\rtl55\OneDrive\PersonalProjs\danceStuff\DancingDress\build\libraries\Adafruit_TinyUSB_Arduino\device\usbd.c.o
 .text.usbd_reset
                0x00005738       0x50 c:\Users\rtl55\OneDrive\PersonalProjs\danceStuff\DancingDress\build\libraries\Adafruit_TinyUSB_Arduino\device\usbd.c.o
 .text.osal_queue_send
                0x00005788       0x34 c:\Users\rtl55\OneDrive\PersonalProjs\danceStuff\DancingDress\build\libraries\Adafruit_TinyUSB_Arduino\device\usbd.c.o
 .text.invoke_class_control.isra.0
                0x000057bc       0x1a c:\Users\rtl55\OneDrive\PersonalProjs\danceStuff\DancingDress\build\libraries\Adafruit_TinyUSB_Arduino\device\usbd.c.o
 *fill*         0x000057d6        0x2 
 .text.tud_mounted
                0x000057d8       0x10 c:\Users\rtl55\OneDrive\PersonalProjs\danceStuff\DancingDress\build\libraries\Adafruit_TinyUSB_Arduino\device\usbd.c.o
                0x000057d8                tud_mounted
 .text.tud_suspended
                0x000057e8       0x10 c:\Users\rtl55\OneDrive\PersonalProjs\danceStuff\DancingDress\build\libraries\Adafruit_TinyUSB_Arduino\device\usbd.c.o
                0x000057e8                tud_suspended
 .text.tud_inited
                0x000057f8        0xc c:\Users\rtl55\OneDrive\PersonalProjs\danceStuff\DancingDress\build\libraries\Adafruit_TinyUSB_Arduino\device\usbd.c.o
                0x000057f8                tud_inited
 .text.tud_init
                0x00005804       0x7c c:\Users\rtl55\OneDrive\PersonalProjs\danceStuff\DancingDress\build\libraries\Adafruit_TinyUSB_Arduino\device\usbd.c.o
                0x00005804                tud_init
 .text.dcd_event_handler
                0x00005880       0x68 c:\Users\rtl55\OneDrive\PersonalProjs\danceStuff\DancingDress\build\libraries\Adafruit_TinyUSB_Arduino\device\usbd.c.o
                0x00005880                dcd_event_handler
 .text.dcd_event_bus_signal
                0x000058e8       0x22 c:\Users\rtl55\OneDrive\PersonalProjs\danceStuff\DancingDress\build\libraries\Adafruit_TinyUSB_Arduino\device\usbd.c.o
                0x000058e8                dcd_event_bus_signal
 .text.dcd_event_bus_reset
                0x0000590a       0x2a c:\Users\rtl55\OneDrive\PersonalProjs\danceStuff\DancingDress\build\libraries\Adafruit_TinyUSB_Arduino\device\usbd.c.o
                0x0000590a                dcd_event_bus_reset
 .text.dcd_event_setup_received
                0x00005934       0x26 c:\Users\rtl55\OneDrive\PersonalProjs\danceStuff\DancingDress\build\libraries\Adafruit_TinyUSB_Arduino\device\usbd.c.o
                0x00005934                dcd_event_setup_received
 .text.dcd_event_xfer_complete
                0x0000595a       0x38 c:\Users\rtl55\OneDrive\PersonalProjs\danceStuff\DancingDress\build\libraries\Adafruit_TinyUSB_Arduino\device\usbd.c.o
                0x0000595a                dcd_event_xfer_complete
 *fill*         0x00005992        0x2 
 .text.usbd_edpt_open
                0x00005994       0x84 c:\Users\rtl55\OneDrive\PersonalProjs\danceStuff\DancingDress\build\libraries\Adafruit_TinyUSB_Arduino\device\usbd.c.o
                0x00005994                usbd_edpt_open
 .text.usbd_open_edpt_pair
                0x00005a18       0x4e c:\Users\rtl55\OneDrive\PersonalProjs\danceStuff\DancingDress\build\libraries\Adafruit_TinyUSB_Arduino\device\usbd.c.o
                0x00005a18                usbd_open_edpt_pair
 *fill*         0x00005a66        0x2 
 .text.usbd_edpt_claim
                0x00005a68       0x34 c:\Users\rtl55\OneDrive\PersonalProjs\danceStuff\DancingDress\build\libraries\Adafruit_TinyUSB_Arduino\device\usbd.c.o
                0x00005a68                usbd_edpt_claim
 .text.usbd_edpt_release
                0x00005a9c       0x30 c:\Users\rtl55\OneDrive\PersonalProjs\danceStuff\DancingDress\build\libraries\Adafruit_TinyUSB_Arduino\device\usbd.c.o
                0x00005a9c                usbd_edpt_release
 .text.usbd_edpt_xfer
                0x00005acc       0x44 c:\Users\rtl55\OneDrive\PersonalProjs\danceStuff\DancingDress\build\libraries\Adafruit_TinyUSB_Arduino\device\usbd.c.o
                0x00005acc                usbd_edpt_xfer
 .text.usbd_edpt_busy
                0x00005b10       0x1c c:\Users\rtl55\OneDrive\PersonalProjs\danceStuff\DancingDress\build\libraries\Adafruit_TinyUSB_Arduino\device\usbd.c.o
                0x00005b10                usbd_edpt_busy
 .text.usbd_edpt_stall
                0x00005b2c       0x30 c:\Users\rtl55\OneDrive\PersonalProjs\danceStuff\DancingDress\build\libraries\Adafruit_TinyUSB_Arduino\device\usbd.c.o
                0x00005b2c                usbd_edpt_stall
 .text.usbd_edpt_clear_stall
                0x00005b5c       0x30 c:\Users\rtl55\OneDrive\PersonalProjs\danceStuff\DancingDress\build\libraries\Adafruit_TinyUSB_Arduino\device\usbd.c.o
                0x00005b5c                usbd_edpt_clear_stall
 .text.tud_task
                0x00005b8c      0x518 c:\Users\rtl55\OneDrive\PersonalProjs\danceStuff\DancingDress\build\libraries\Adafruit_TinyUSB_Arduino\device\usbd.c.o
                0x00005b8c                tud_task
 .text.usbd_edpt_stalled
                0x000060a4       0x1c c:\Users\rtl55\OneDrive\PersonalProjs\danceStuff\DancingDress\build\libraries\Adafruit_TinyUSB_Arduino\device\usbd.c.o
                0x000060a4                usbd_edpt_stalled
 .text._data_stage_xact
                0x000060c0       0x58 c:\Users\rtl55\OneDrive\PersonalProjs\danceStuff\DancingDress\build\libraries\Adafruit_TinyUSB_Arduino\device\usbd_control.c.o
 .text.tud_control_status
                0x00006118       0x30 c:\Users\rtl55\OneDrive\PersonalProjs\danceStuff\DancingDress\build\libraries\Adafruit_TinyUSB_Arduino\device\usbd_control.c.o
                0x00006118                tud_control_status
 .text.tud_control_xfer
                0x00006148       0x60 c:\Users\rtl55\OneDrive\PersonalProjs\danceStuff\DancingDress\build\libraries\Adafruit_TinyUSB_Arduino\device\usbd_control.c.o
                0x00006148                tud_control_xfer
 .text.usbd_control_reset
                0x000061a8       0x14 c:\Users\rtl55\OneDrive\PersonalProjs\danceStuff\DancingDress\build\libraries\Adafruit_TinyUSB_Arduino\device\usbd_control.c.o
                0x000061a8                usbd_control_reset
 .text.usbd_control_set_complete_callback
                0x000061bc        0xc c:\Users\rtl55\OneDrive\PersonalProjs\danceStuff\DancingDress\build\libraries\Adafruit_TinyUSB_Arduino\device\usbd_control.c.o
                0x000061bc                usbd_control_set_complete_callback
 .text.usbd_control_set_request
                0x000061c8       0x1c c:\Users\rtl55\OneDrive\PersonalProjs\danceStuff\DancingDress\build\libraries\Adafruit_TinyUSB_Arduino\device\usbd_control.c.o
                0x000061c8                usbd_control_set_request
 .text.usbd_control_xfer_cb
                0x000061e4       0xb0 c:\Users\rtl55\OneDrive\PersonalProjs\danceStuff\DancingDress\build\libraries\Adafruit_TinyUSB_Arduino\device\usbd_control.c.o
                0x000061e4                usbd_control_xfer_cb
 .text.dcd_init
                0x00006294       0x90 c:\Users\rtl55\OneDrive\PersonalProjs\danceStuff\DancingDress\build\libraries\Adafruit_TinyUSB_Arduino\portable\microchip\samd\dcd_samd.c.o
                0x00006294                dcd_init
 .text.dcd_int_enable
                0x00006324        0xc c:\Users\rtl55\OneDrive\PersonalProjs\danceStuff\DancingDress\build\libraries\Adafruit_TinyUSB_Arduino\portable\microchip\samd\dcd_samd.c.o
                0x00006324                dcd_int_enable
 .text.dcd_int_disable
                0x00006330       0x14 c:\Users\rtl55\OneDrive\PersonalProjs\danceStuff\DancingDress\build\libraries\Adafruit_TinyUSB_Arduino\portable\microchip\samd\dcd_samd.c.o
                0x00006330                dcd_int_disable
 .text.dcd_edpt0_status_complete
                0x00006344       0x44 c:\Users\rtl55\OneDrive\PersonalProjs\danceStuff\DancingDress\build\libraries\Adafruit_TinyUSB_Arduino\portable\microchip\samd\dcd_samd.c.o
                0x00006344                dcd_edpt0_status_complete
 .text.dcd_edpt_open
                0x00006388       0x98 c:\Users\rtl55\OneDrive\PersonalProjs\danceStuff\DancingDress\build\libraries\Adafruit_TinyUSB_Arduino\portable\microchip\samd\dcd_samd.c.o
                0x00006388                dcd_edpt_open
 .text.dcd_edpt_xfer
                0x00006420       0xa4 c:\Users\rtl55\OneDrive\PersonalProjs\danceStuff\DancingDress\build\libraries\Adafruit_TinyUSB_Arduino\portable\microchip\samd\dcd_samd.c.o
                0x00006420                dcd_edpt_xfer
 .text.dcd_set_address
                0x000064c4       0x1c c:\Users\rtl55\OneDrive\PersonalProjs\danceStuff\DancingDress\build\libraries\Adafruit_TinyUSB_Arduino\portable\microchip\samd\dcd_samd.c.o
                0x000064c4                dcd_set_address
 .text.dcd_edpt_stall
                0x000064e0       0x1c c:\Users\rtl55\OneDrive\PersonalProjs\danceStuff\DancingDress\build\libraries\Adafruit_TinyUSB_Arduino\portable\microchip\samd\dcd_samd.c.o
                0x000064e0                dcd_edpt_stall
 .text.dcd_edpt_clear_stall
                0x000064fc       0x1c c:\Users\rtl55\OneDrive\PersonalProjs\danceStuff\DancingDress\build\libraries\Adafruit_TinyUSB_Arduino\portable\microchip\samd\dcd_samd.c.o
                0x000064fc                dcd_edpt_clear_stall
 .text.maybe_transfer_complete
                0x00006518       0x80 c:\Users\rtl55\OneDrive\PersonalProjs\danceStuff\DancingDress\build\libraries\Adafruit_TinyUSB_Arduino\portable\microchip\samd\dcd_samd.c.o
                0x00006518                maybe_transfer_complete
 .text.dcd_int_handler
                0x00006598       0xd0 c:\Users\rtl55\OneDrive\PersonalProjs\danceStuff\DancingDress\build\libraries\Adafruit_TinyUSB_Arduino\portable\microchip\samd\dcd_samd.c.o
                0x00006598                dcd_int_handler
 .text.SERCOM0_Handler
                0x00006668       0x14 c:\Users\rtl55\OneDrive\PersonalProjs\danceStuff\DancingDress\build\core\variant.cpp.o
                0x00006668                SERCOM0_Handler
 .text.startup._GLOBAL__sub_I_g_APinDescription
                0x0000667c       0x5c c:\Users\rtl55\OneDrive\PersonalProjs\danceStuff\DancingDress\build\core\variant.cpp.o
 .text.Dummy_Handler
                0x000066d8        0x2 c:\Users\rtl55\OneDrive\PersonalProjs\danceStuff\DancingDress\build/core\core.a(cortex_handlers.c.o)
                0x000066d8                HardFault_Handler
                0x000066d8                AC_Handler
                0x000066d8                PendSV_Handler
                0x000066d8                NMI_Handler
                0x000066d8                TC7_Handler
                0x000066d8                SERCOM1_Handler
                0x000066d8                ADC_Handler
                0x000066d8                TCC1_Handler
                0x000066d8                SERCOM2_Handler
                0x000066d8                TCC0_Handler
                0x000066d8                RTC_Handler
                0x000066d8                EIC_Handler
                0x000066d8                TC6_Handler
                0x000066d8                WDT_Handler
                0x000066d8                TC4_Handler
                0x000066d8                TC3_Handler
                0x000066d8                Dummy_Handler
                0x000066d8                PM_Handler
                0x000066d8                SERCOM5_Handler
                0x000066d8                SVC_Handler
                0x000066d8                TCC2_Handler
                0x000066d8                EVSYS_Handler
                0x000066d8                SERCOM3_Handler
                0x000066d8                SERCOM4_Handler
                0x000066d8                I2S_Handler
                0x000066d8                NVMCTRL_Handler
                0x000066d8                DAC_Handler
                0x000066d8                PTC_Handler
                0x000066d8                SYSCTRL_Handler
 *fill*         0x000066da        0x2 
 .text.Reset_Handler
                0x000066dc       0x54 c:\Users\rtl55\OneDrive\PersonalProjs\danceStuff\DancingDress\build/core\core.a(cortex_handlers.c.o)
                0x000066dc                Reset_Handler
 .text.SysTick_Handler
                0x00006730       0x10 c:\Users\rtl55\OneDrive\PersonalProjs\danceStuff\DancingDress\build/core\core.a(cortex_handlers.c.o)
                0x00006730                SysTick_Handler
 .text.millis   0x00006740        0xc c:\Users\rtl55\OneDrive\PersonalProjs\danceStuff\DancingDress\build/core\core.a(delay.c.o)
                0x00006740                millis
 .text.micros   0x0000674c       0x60 c:\Users\rtl55\OneDrive\PersonalProjs\danceStuff\DancingDress\build/core\core.a(delay.c.o)
                0x0000674c                micros
 .text.SysTick_DefaultHandler
                0x000067ac       0x14 c:\Users\rtl55\OneDrive\PersonalProjs\danceStuff\DancingDress\build/core\core.a(delay.c.o)
                0x000067ac                SysTick_DefaultHandler
 .text.yield    0x000067c0        0xc c:\Users\rtl55\OneDrive\PersonalProjs\danceStuff\DancingDress\build/core\core.a(delay.c.o)
                0x000067c0                yield
 .text.delay    0x000067cc       0x2c c:\Users\rtl55\OneDrive\PersonalProjs\danceStuff\DancingDress\build/core\core.a(delay.c.o)
                0x000067cc                delay
 .text.__false  0x000067f8        0x4 c:\Users\rtl55\OneDrive\PersonalProjs\danceStuff\DancingDress\build/core\core.a(hooks.c.o)
                0x000067f8                sysTickHook
 .text.SystemInit
                0x000067fc      0x194 c:\Users\rtl55\OneDrive\PersonalProjs\danceStuff\DancingDress\build/core\core.a(startup.c.o)
                0x000067fc                SystemInit
 .text.init     0x00006990       0xe0 c:\Users\rtl55\OneDrive\PersonalProjs\danceStuff\DancingDress\build/core\core.a(wiring.c.o)
                0x00006990                init
 .text.analogReference
                0x00006a70       0x88 c:\Users\rtl55\OneDrive\PersonalProjs\danceStuff\DancingDress\build/core\core.a(wiring_analog.c.o)
                0x00006a70                analogReference
 .text.pinMode  0x00006af8       0x60 c:\Users\rtl55\OneDrive\PersonalProjs\danceStuff\DancingDress\build/core\core.a(wiring_digital.c.o)
                0x00006af8                pinMode
 .text.digitalWrite
                0x00006b58       0x58 c:\Users\rtl55\OneDrive\PersonalProjs\danceStuff\DancingDress\build/core\core.a(wiring_digital.c.o)
                0x00006b58                digitalWrite
 .text.pinPeripheral
                0x00006bb0       0xbc c:\Users\rtl55\OneDrive\PersonalProjs\danceStuff\DancingDress\build/core\core.a(wiring_private.c.o)
                0x00006bb0                pinPeripheral
 .text._ZN5Print5writeEPKhj
                0x00006c6c       0x24 c:\Users\rtl55\OneDrive\PersonalProjs\danceStuff\DancingDress\build/core\core.a(Print.cpp.o)
                0x00006c6c                Print::write(unsigned char const*, unsigned int)
 .text.initiateReset
                0x00006c90        0xc c:\Users\rtl55\OneDrive\PersonalProjs\danceStuff\DancingDress\build/core\core.a(Reset.cpp.o)
                0x00006c90                initiateReset
 .text.tickReset
                0x00006c9c       0x64 c:\Users\rtl55\OneDrive\PersonalProjs\danceStuff\DancingDress\build/core\core.a(Reset.cpp.o)
                0x00006c9c                tickReset
 .text._ZN6SERCOMC2EP6Sercom
                0x00006d00        0x4 c:\Users\rtl55\OneDrive\PersonalProjs\danceStuff\DancingDress\build/core\core.a(SERCOM.cpp.o)
                0x00006d00                SERCOM::SERCOM(Sercom*)
                0x00006d00                SERCOM::SERCOM(Sercom*)
 .text._ZN6SERCOM9initFrameE18SercomUartCharSize15SercomDataOrder16SercomParityMode19SercomNumberStopBit
                0x00006d04       0x3a c:\Users\rtl55\OneDrive\PersonalProjs\danceStuff\DancingDress\build/core\core.a(SERCOM.cpp.o)
                0x00006d04                SERCOM::initFrame(SercomUartCharSize, SercomDataOrder, SercomParityMode, SercomNumberStopBit)
 .text._ZN6SERCOM8initPadsE15SercomUartTXPad11SercomRXPad
                0x00006d3e       0x26 c:\Users\rtl55\OneDrive\PersonalProjs\danceStuff\DancingDress\build/core\core.a(SERCOM.cpp.o)
                0x00006d3e                SERCOM::initPads(SercomUartTXPad, SercomRXPad)
 .text._ZN6SERCOM9resetUARTEv
                0x00006d64       0x1a c:\Users\rtl55\OneDrive\PersonalProjs\danceStuff\DancingDress\build/core\core.a(SERCOM.cpp.o)
                0x00006d64                SERCOM::resetUART()
 .text._ZN6SERCOM10enableUARTEv
                0x00006d7e       0x14 c:\Users\rtl55\OneDrive\PersonalProjs\danceStuff\DancingDress\build/core\core.a(SERCOM.cpp.o)
                0x00006d7e                SERCOM::enableUART()
 .text._ZN6SERCOM9flushUARTEv
                0x00006d92       0x10 c:\Users\rtl55\OneDrive\PersonalProjs\danceStuff\DancingDress\build/core\core.a(SERCOM.cpp.o)
                0x00006d92                SERCOM::flushUART()
 .text._ZN6SERCOM15clearStatusUARTEv
                0x00006da2        0x8 c:\Users\rtl55\OneDrive\PersonalProjs\danceStuff\DancingDress\build/core\core.a(SERCOM.cpp.o)
                0x00006da2                SERCOM::clearStatusUART()
 .text._ZN6SERCOM17availableDataUARTEv
                0x00006daa        0xa c:\Users\rtl55\OneDrive\PersonalProjs\danceStuff\DancingDress\build/core\core.a(SERCOM.cpp.o)
                0x00006daa                SERCOM::availableDataUART()
 .text._ZN6SERCOM11isUARTErrorEv
                0x00006db4        0x8 c:\Users\rtl55\OneDrive\PersonalProjs\danceStuff\DancingDress\build/core\core.a(SERCOM.cpp.o)
                0x00006db4                SERCOM::isUARTError()
 .text._ZN6SERCOM20acknowledgeUARTErrorEv
                0x00006dbc        0xe c:\Users\rtl55\OneDrive\PersonalProjs\danceStuff\DancingDress\build/core\core.a(SERCOM.cpp.o)
                0x00006dbc                SERCOM::acknowledgeUARTError()
 .text._ZN6SERCOM16isFrameErrorUARTEv
                0x00006dca        0xa c:\Users\rtl55\OneDrive\PersonalProjs\danceStuff\DancingDress\build/core\core.a(SERCOM.cpp.o)
                0x00006dca                SERCOM::isFrameErrorUART()
 .text._ZN6SERCOM19clearFrameErrorUARTEv
                0x00006dd4        0xc c:\Users\rtl55\OneDrive\PersonalProjs\danceStuff\DancingDress\build/core\core.a(SERCOM.cpp.o)
                0x00006dd4                SERCOM::clearFrameErrorUART()
 .text._ZN6SERCOM23isDataRegisterEmptyUARTEv
                0x00006de0        0xa c:\Users\rtl55\OneDrive\PersonalProjs\danceStuff\DancingDress\build/core\core.a(SERCOM.cpp.o)
                0x00006de0                SERCOM::isDataRegisterEmptyUART()
 .text._ZN6SERCOM12readDataUARTEv
                0x00006dea        0x8 c:\Users\rtl55\OneDrive\PersonalProjs\danceStuff\DancingDress\build/core\core.a(SERCOM.cpp.o)
                0x00006dea                SERCOM::readDataUART()
 .text._ZN6SERCOM13writeDataUARTEh
                0x00006df2       0x10 c:\Users\rtl55\OneDrive\PersonalProjs\danceStuff\DancingDress\build/core\core.a(SERCOM.cpp.o)
                0x00006df2                SERCOM::writeDataUART(unsigned char)
 .text._ZN6SERCOM36enableDataRegisterEmptyInterruptUARTEv
                0x00006e02        0x8 c:\Users\rtl55\OneDrive\PersonalProjs\danceStuff\DancingDress\build/core\core.a(SERCOM.cpp.o)
                0x00006e02                SERCOM::enableDataRegisterEmptyInterruptUART()
 .text._ZN6SERCOM37disableDataRegisterEmptyInterruptUARTEv
                0x00006e0a        0x8 c:\Users\rtl55\OneDrive\PersonalProjs\danceStuff\DancingDress\build/core\core.a(SERCOM.cpp.o)
                0x00006e0a                SERCOM::disableDataRegisterEmptyInterruptUART()
 .text._ZN6SERCOM8resetSPIEv
                0x00006e12       0x1a c:\Users\rtl55\OneDrive\PersonalProjs\danceStuff\DancingDress\build/core\core.a(SERCOM.cpp.o)
                0x00006e12                SERCOM::resetSPI()
 .text._ZN6SERCOM9enableSPIEv
                0x00006e2c       0x14 c:\Users\rtl55\OneDrive\PersonalProjs\danceStuff\DancingDress\build/core\core.a(SERCOM.cpp.o)
                0x00006e2c                SERCOM::enableSPI()
 .text._ZN6SERCOM10disableSPIEv
                0x00006e40       0x12 c:\Users\rtl55\OneDrive\PersonalProjs\danceStuff\DancingDress\build/core\core.a(SERCOM.cpp.o)
                0x00006e40                SERCOM::disableSPI()
 .text._ZN6SERCOM15transferDataSPIEh
                0x00006e52       0x1a c:\Users\rtl55\OneDrive\PersonalProjs\danceStuff\DancingDress\build/core\core.a(SERCOM.cpp.o)
                0x00006e52                SERCOM::transferDataSPI(unsigned char)
 .text._ZN6SERCOM28calculateBaudrateSynchronousEm
                0x00006e6c       0x1c c:\Users\rtl55\OneDrive\PersonalProjs\danceStuff\DancingDress\build/core\core.a(SERCOM.cpp.o)
                0x00006e6c                SERCOM::calculateBaudrateSynchronous(unsigned long)
 .text._ZN6SERCOM12initSPIClockE18SercomSpiClockModem
                0x00006e88       0x26 c:\Users\rtl55\OneDrive\PersonalProjs\danceStuff\DancingDress\build/core\core.a(SERCOM.cpp.o)
                0x00006e88                SERCOM::initSPIClock(SercomSpiClockMode, unsigned long)
 .text._ZN6SERCOM18prepareNackBitWIREEv
                0x00006eae       0x10 c:\Users\rtl55\OneDrive\PersonalProjs\danceStuff\DancingDress\build/core\core.a(SERCOM.cpp.o)
                0x00006eae                SERCOM::prepareNackBitWIRE()
 *fill*         0x00006ebe        0x2 
 .text._ZN6SERCOM17prepareAckBitWIREEv
                0x00006ec0       0x14 c:\Users\rtl55\OneDrive\PersonalProjs\danceStuff\DancingDress\build/core\core.a(SERCOM.cpp.o)
                0x00006ec0                SERCOM::prepareAckBitWIRE()
 .text._ZN6SERCOM22prepareCommandBitsWireEh
                0x00006ed4       0x2c c:\Users\rtl55\OneDrive\PersonalProjs\danceStuff\DancingDress\build/core\core.a(SERCOM.cpp.o)
                0x00006ed4                SERCOM::prepareCommandBitsWire(unsigned char)
 .text._ZN6SERCOM21startTransmissionWIREEh23SercomWireReadWriteFlag
                0x00006f00       0x7c c:\Users\rtl55\OneDrive\PersonalProjs\danceStuff\DancingDress\build/core\core.a(SERCOM.cpp.o)
                0x00006f00                SERCOM::startTransmissionWIRE(unsigned char, SercomWireReadWriteFlag)
 .text._ZN6SERCOM18sendDataMasterWIREEh
                0x00006f7c       0x26 c:\Users\rtl55\OneDrive\PersonalProjs\danceStuff\DancingDress\build/core\core.a(SERCOM.cpp.o)
                0x00006f7c                SERCOM::sendDataMasterWIRE(unsigned char)
 .text._ZN6SERCOM17sendDataSlaveWIREEh
                0x00006fa2       0x1e c:\Users\rtl55\OneDrive\PersonalProjs\danceStuff\DancingDress\build/core\core.a(SERCOM.cpp.o)
                0x00006fa2                SERCOM::sendDataSlaveWIRE(unsigned char)
 .text._ZN6SERCOM11isSlaveWIREEv
                0x00006fc0       0x12 c:\Users\rtl55\OneDrive\PersonalProjs\danceStuff\DancingDress\build/core\core.a(SERCOM.cpp.o)
                0x00006fc0                SERCOM::isSlaveWIRE()
 .text._ZN6SERCOM15isDataReadyWIREEv
                0x00006fd2        0xa c:\Users\rtl55\OneDrive\PersonalProjs\danceStuff\DancingDress\build/core\core.a(SERCOM.cpp.o)
                0x00006fd2                SERCOM::isDataReadyWIRE()
 .text._ZN6SERCOM18isStopDetectedWIREEv
                0x00006fdc        0xa c:\Users\rtl55\OneDrive\PersonalProjs\danceStuff\DancingDress\build/core\core.a(SERCOM.cpp.o)
                0x00006fdc                SERCOM::isStopDetectedWIRE()
 .text._ZN6SERCOM21isRestartDetectedWIREEv
                0x00006fe6        0xa c:\Users\rtl55\OneDrive\PersonalProjs\danceStuff\DancingDress\build/core\core.a(SERCOM.cpp.o)
                0x00006fe6                SERCOM::isRestartDetectedWIRE()
 .text._ZN6SERCOM14isAddressMatchEv
                0x00006ff0        0xa c:\Users\rtl55\OneDrive\PersonalProjs\danceStuff\DancingDress\build/core\core.a(SERCOM.cpp.o)
                0x00006ff0                SERCOM::isAddressMatch()
 .text._ZN6SERCOM25isMasterReadOperationWIREEv
                0x00006ffa        0xa c:\Users\rtl55\OneDrive\PersonalProjs\danceStuff\DancingDress\build/core\core.a(SERCOM.cpp.o)
                0x00006ffa                SERCOM::isMasterReadOperationWIRE()
 .text._ZN6SERCOM12readDataWIREEv
                0x00007004       0x1a c:\Users\rtl55\OneDrive\PersonalProjs\danceStuff\DancingDress\build/core\core.a(SERCOM.cpp.o)
                0x00007004                SERCOM::readDataWIRE()
 *fill*         0x0000701e        0x2 
 .text._ZN6SERCOM14getSercomIndexEv
                0x00007020       0x40 c:\Users\rtl55\OneDrive\PersonalProjs\danceStuff\DancingDress\build/core\core.a(SERCOM.cpp.o)
                0x00007020                SERCOM::getSercomIndex()
 .text._ZN6SERCOM13initClockNVICEv
                0x00007060       0x90 c:\Users\rtl55\OneDrive\PersonalProjs\danceStuff\DancingDress\build/core\core.a(SERCOM.cpp.o)
                0x00007060                SERCOM::initClockNVIC()
 .text._ZN6SERCOM8initUARTE14SercomUartMode20SercomUartSampleRatem
                0x000070f0       0x6c c:\Users\rtl55\OneDrive\PersonalProjs\danceStuff\DancingDress\build/core\core.a(SERCOM.cpp.o)
                0x000070f0                SERCOM::initUART(SercomUartMode, SercomUartSampleRate, unsigned long)
 .text._ZN6SERCOM7initSPIE14SercomSpiTXPad11SercomRXPad17SercomSpiCharSize15SercomDataOrder
                0x0000715c       0x52 c:\Users\rtl55\OneDrive\PersonalProjs\danceStuff\DancingDress\build/core\core.a(SERCOM.cpp.o)
                0x0000715c                SERCOM::initSPI(SercomSpiTXPad, SercomRXPad, SercomSpiCharSize, SercomDataOrder)
 .text._ZN4UartcvbEv
                0x000071ae        0x4 c:\Users\rtl55\OneDrive\PersonalProjs\danceStuff\DancingDress\build/core\core.a(Uart.cpp.o)
                0x000071ae                Uart::operator bool()
 *fill*         0x000071b2        0x2 
 .text._ZN4Uart5beginEm
                0x000071b4       0x10 c:\Users\rtl55\OneDrive\PersonalProjs\danceStuff\DancingDress\build/core\core.a(Uart.cpp.o)
                0x000071b4                Uart::begin(unsigned long)
 .text._ZN4Uart4peekEv
                0x000071c4       0x1a c:\Users\rtl55\OneDrive\PersonalProjs\danceStuff\DancingDress\build/core\core.a(Uart.cpp.o)
                0x000071c4                Uart::peek()
 .text._ZN4Uart3endEv
                0x000071de       0x20 c:\Users\rtl55\OneDrive\PersonalProjs\danceStuff\DancingDress\build/core\core.a(Uart.cpp.o)
                0x000071de                Uart::end()
 .text._ZN4Uart15extractCharSizeEt
                0x000071fe       0x28 c:\Users\rtl55\OneDrive\PersonalProjs\danceStuff\DancingDress\build/core\core.a(Uart.cpp.o)
                0x000071fe                Uart::extractCharSize(unsigned short)
 .text._ZN4Uart13extractParityEt
                0x00007226       0x14 c:\Users\rtl55\OneDrive\PersonalProjs\danceStuff\DancingDress\build/core\core.a(Uart.cpp.o)
                0x00007226                Uart::extractParity(unsigned short)
 *fill*         0x0000723a        0x2 
 .text._ZN4Uart5beginEmt
                0x0000723c       0xf8 c:\Users\rtl55\OneDrive\PersonalProjs\danceStuff\DancingDress\build/core\core.a(Uart.cpp.o)
                0x0000723c                Uart::begin(unsigned long, unsigned short)
 .text._ZN11RingBufferNILi350EEC2Ev
                0x00007334       0x1c c:\Users\rtl55\OneDrive\PersonalProjs\danceStuff\DancingDress\build/core\core.a(Uart.cpp.o)
                0x00007334                RingBufferN<350>::RingBufferN()
                0x00007334                RingBufferN<350>::RingBufferN()
 .text._ZN4UartC2EP6SERCOMhh11SercomRXPad15SercomUartTXPad
                0x00007350       0x70 c:\Users\rtl55\OneDrive\PersonalProjs\danceStuff\DancingDress\build/core\core.a(Uart.cpp.o)
                0x00007350                Uart::Uart(SERCOM*, unsigned char, unsigned char, SercomRXPad, SercomUartTXPad)
                0x00007350                Uart::Uart(SERCOM*, unsigned char, unsigned char, SercomRXPad, SercomUartTXPad)
 .text._ZN11RingBufferNILi350EE9availableEv
                0x000073c0       0x12 c:\Users\rtl55\OneDrive\PersonalProjs\danceStuff\DancingDress\build/core\core.a(Uart.cpp.o)
                0x000073c0                RingBufferN<350>::available()
 .text._ZN4Uart5flushEv
                0x000073d2       0x1a c:\Users\rtl55\OneDrive\PersonalProjs\danceStuff\DancingDress\build/core\core.a(Uart.cpp.o)
                0x000073d2                Uart::flush()
 .text._ZN4Uart9availableEv
                0x000073ec        0xa c:\Users\rtl55\OneDrive\PersonalProjs\danceStuff\DancingDress\build/core\core.a(Uart.cpp.o)
                0x000073ec                Uart::available()
 .text._ZN11RingBufferNILi350EE17availableForStoreEv
                0x000073f6       0x22 c:\Users\rtl55\OneDrive\PersonalProjs\danceStuff\DancingDress\build/core\core.a(Uart.cpp.o)
                0x000073f6                RingBufferN<350>::availableForStore()
 .text._ZN4Uart17availableForWriteEv
                0x00007418        0xc c:\Users\rtl55\OneDrive\PersonalProjs\danceStuff\DancingDress\build/core\core.a(Uart.cpp.o)
                0x00007418                Uart::availableForWrite()
 .text._ZN4Uart10IrqHandlerEv
                0x00007424       0xda c:\Users\rtl55\OneDrive\PersonalProjs\danceStuff\DancingDress\build/core\core.a(Uart.cpp.o)
                0x00007424                Uart::IrqHandler()
 *fill*         0x000074fe        0x2 
 .text._ZN4Uart5writeEh
                0x00007500       0xc4 c:\Users\rtl55\OneDrive\PersonalProjs\danceStuff\DancingDress\build/core\core.a(Uart.cpp.o)
                0x00007500                Uart::write(unsigned char)
 .text._ZN4Uart4readEv
                0x000075c4       0x52 c:\Users\rtl55\OneDrive\PersonalProjs\danceStuff\DancingDress\build/core\core.a(Uart.cpp.o)
                0x000075c4                Uart::read()
 .text._Z11initVariantv
                0x00007616        0x2 c:\Users\rtl55\OneDrive\PersonalProjs\danceStuff\DancingDress\build/core\core.a(main.cpp.o)
                0x00007616                initVariant()
 .text.startup.main
                0x00007618       0x38 c:\Users\rtl55\OneDrive\PersonalProjs\danceStuff\DancingDress\build/core\core.a(main.cpp.o)
                0x00007618                main
 .text._ZdlPv   0x00007650        0x8 c:\Users\rtl55\OneDrive\PersonalProjs\danceStuff\DancingDress\build/core\core.a(new.cpp.o)
                0x00007650                operator delete(void*)
 .text.__aeabi_atexit
                0x00007658        0xe c:/users/rtl55/appdata/local/arduino15/packages/adafruit/tools/arm-none-eabi-gcc/9-2019q4/bin/../lib/gcc/arm-none-eabi/9.2.1/../../../../arm-none-eabi/lib/thumb/v6-m/nofp\libstdc++_nano.a(atexit_arm.o)
                0x00007658                __aeabi_atexit
 *fill*         0x00007666        0x2 
 .text          0x00007668       0x14 c:/users/rtl55/appdata/local/arduino15/packages/adafruit/tools/arm-none-eabi-gcc/9-2019q4/bin/../lib/gcc/arm-none-eabi/9.2.1/thumb/v6-m/nofp\libgcc.a(_thumb1_case_uqi.o)
                0x00007668                __gnu_thumb1_case_uqi
 .text          0x0000767c       0x14 c:/users/rtl55/appdata/local/arduino15/packages/adafruit/tools/arm-none-eabi-gcc/9-2019q4/bin/../lib/gcc/arm-none-eabi/9.2.1/thumb/v6-m/nofp\libgcc.a(_thumb1_case_shi.o)
                0x0000767c                __gnu_thumb1_case_shi
 .text          0x00007690       0x14 c:/users/rtl55/appdata/local/arduino15/packages/adafruit/tools/arm-none-eabi-gcc/9-2019q4/bin/../lib/gcc/arm-none-eabi/9.2.1/thumb/v6-m/nofp\libgcc.a(_thumb1_case_uhi.o)
                0x00007690                __gnu_thumb1_case_uhi
 .text          0x000076a4      0x114 c:/users/rtl55/appdata/local/arduino15/packages/adafruit/tools/arm-none-eabi-gcc/9-2019q4/bin/../lib/gcc/arm-none-eabi/9.2.1/thumb/v6-m/nofp\libgcc.a(_udivsi3.o)
                0x000076a4                __aeabi_uidiv
                0x000076a4                __udivsi3
                0x000077b0                __aeabi_uidivmod
 .text          0x000077b8      0x1d4 c:/users/rtl55/appdata/local/arduino15/packages/adafruit/tools/arm-none-eabi-gcc/9-2019q4/bin/../lib/gcc/arm-none-eabi/9.2.1/thumb/v6-m/nofp\libgcc.a(_divsi3.o)
                0x000077b8                __divsi3
                0x000077b8                __aeabi_idiv
                0x00007984                __aeabi_idivmod
 .text          0x0000798c        0x4 c:/users/rtl55/appdata/local/arduino15/packages/adafruit/tools/arm-none-eabi-gcc/9-2019q4/bin/../lib/gcc/arm-none-eabi/9.2.1/thumb/v6-m/nofp\libgcc.a(_dvmd_tls.o)
                0x0000798c                __aeabi_idiv0
                0x0000798c                __aeabi_ldiv0
 .text          0x00007990      0x218 c:/users/rtl55/appdata/local/arduino15/packages/adafruit/tools/arm-none-eabi-gcc/9-2019q4/bin/../lib/gcc/arm-none-eabi/9.2.1/thumb/v6-m/nofp\libgcc.a(divsf3.o)
                0x00007990                __aeabi_fdiv
 .text          0x00007ba8      0x234 c:/users/rtl55/appdata/local/arduino15/packages/adafruit/tools/arm-none-eabi-gcc/9-2019q4/bin/../lib/gcc/arm-none-eabi/9.2.1/thumb/v6-m/nofp\libgcc.a(mulsf3.o)
                0x00007ba8                __aeabi_fmul
 .text          0x00007ddc       0x8c c:/users/rtl55/appdata/local/arduino15/packages/adafruit/tools/arm-none-eabi-gcc/9-2019q4/bin/../lib/gcc/arm-none-eabi/9.2.1/thumb/v6-m/nofp\libgcc.a(floatsisf.o)
                0x00007ddc                __aeabi_i2f
 .text          0x00007e68       0x3c c:/users/rtl55/appdata/local/arduino15/packages/adafruit/tools/arm-none-eabi-gcc/9-2019q4/bin/../lib/gcc/arm-none-eabi/9.2.1/thumb/v6-m/nofp\libgcc.a(_clzsi2.o)
                0x00007e68                __clzsi2
 .text.__assert_func
                0x00007ea4       0x3c c:/users/rtl55/appdata/local/arduino15/packages/adafruit/tools/arm-none-eabi-gcc/9-2019q4/bin/../lib/gcc/arm-none-eabi/9.2.1/../../../../arm-none-eabi/lib/thumb/v6-m/nofp\libc_nano.a(lib_a-assert.o)
                0x00007ea4                __assert_func
 .text.__cxa_atexit
                0x00007ee0       0x1c c:/users/rtl55/appdata/local/arduino15/packages/adafruit/tools/arm-none-eabi-gcc/9-2019q4/bin/../lib/gcc/arm-none-eabi/9.2.1/../../../../arm-none-eabi/lib/thumb/v6-m/nofp\libc_nano.a(lib_a-cxa_atexit.o)
                0x00007ee0                __cxa_atexit
 .text.fprintf  0x00007efc       0x20 c:/users/rtl55/appdata/local/arduino15/packages/adafruit/tools/arm-none-eabi-gcc/9-2019q4/bin/../lib/gcc/arm-none-eabi/9.2.1/../../../../arm-none-eabi/lib/thumb/v6-m/nofp\libc_nano.a(lib_a-fprintf.o)
                0x00007efc                fiprintf
                0x00007efc                fprintf
 .text.__libc_init_array
                0x00007f1c       0x48 c:/users/rtl55/appdata/local/arduino15/packages/adafruit/tools/arm-none-eabi-gcc/9-2019q4/bin/../lib/gcc/arm-none-eabi/9.2.1/../../../../arm-none-eabi/lib/thumb/v6-m/nofp\libc_nano.a(lib_a-init.o)
                0x00007f1c                __libc_init_array
 .text.free     0x00007f64       0x14 c:/users/rtl55/appdata/local/arduino15/packages/adafruit/tools/arm-none-eabi-gcc/9-2019q4/bin/../lib/gcc/arm-none-eabi/9.2.1/../../../../arm-none-eabi/lib/thumb/v6-m/nofp\libc_nano.a(lib_a-malloc.o)
                0x00007f64                free
 .text.memcpy   0x00007f78       0x12 c:/users/rtl55/appdata/local/arduino15/packages/adafruit/tools/arm-none-eabi-gcc/9-2019q4/bin/../lib/gcc/arm-none-eabi/9.2.1/../../../../arm-none-eabi/lib/thumb/v6-m/nofp\libc_nano.a(lib_a-memcpy-stub.o)
                0x00007f78                memcpy
 .text.memmove  0x00007f8a       0x26 c:/users/rtl55/appdata/local/arduino15/packages/adafruit/tools/arm-none-eabi-gcc/9-2019q4/bin/../lib/gcc/arm-none-eabi/9.2.1/../../../../arm-none-eabi/lib/thumb/v6-m/nofp\libc_nano.a(lib_a-memmove.o)
                0x00007f8a                memmove
 .text.memset   0x00007fb0       0x10 c:/users/rtl55/appdata/local/arduino15/packages/adafruit/tools/arm-none-eabi-gcc/9-2019q4/bin/../lib/gcc/arm-none-eabi/9.2.1/../../../../arm-none-eabi/lib/thumb/v6-m/nofp\libc_nano.a(lib_a-memset.o)
                0x00007fb0                memset
 .text._free_r  0x00007fc0       0x94 c:/users/rtl55/appdata/local/arduino15/packages/adafruit/tools/arm-none-eabi-gcc/9-2019q4/bin/../lib/gcc/arm-none-eabi/9.2.1/../../../../arm-none-eabi/lib/thumb/v6-m/nofp\libc_nano.a(lib_a-nano-freer.o)
                0x00007fc0                _free_r
 .text._malloc_r
                0x00008054       0xbc c:/users/rtl55/appdata/local/arduino15/packages/adafruit/tools/arm-none-eabi-gcc/9-2019q4/bin/../lib/gcc/arm-none-eabi/9.2.1/../../../../arm-none-eabi/lib/thumb/v6-m/nofp\libc_nano.a(lib_a-nano-mallocr.o)
                0x00008054                _malloc_r
 .text.__sfputc_r
                0x00008110       0x2a c:/users/rtl55/appdata/local/arduino15/packages/adafruit/tools/arm-none-eabi-gcc/9-2019q4/bin/../lib/gcc/arm-none-eabi/9.2.1/../../../../arm-none-eabi/lib/thumb/v6-m/nofp\libc_nano.a(lib_a-nano-vfprintf.o)
 .text.__sfputs_r